TAP version 13
# Subtest: actual r215 paid image journal saves after upgrade without regenerating
not ok 1 - actual r215 paid image journal saves after upgrade without regenerating
  ---
  duration_ms: 2.09501
  type: 'test'
  location: '/workspace/scratch/c9f4993ef355/candidate-1.0.22/tokimemo-main/tools/verification/mv-journal-upgrade-regression.mjs:24:1'
  failureType: 'testCodeFailure'
  error: 'PREVIOUS_BUILD_ROOT must identify the delivered r84.215'
  code: 'ERR_ASSERTION'
  name: 'AssertionError'
  expected: true
  operator: '=='
  stack: |-
    legacyFactory (file:///workspace/scratch/c9f4993ef355/candidate-1.0.22/tokimemo-main/tools/verification/mv-journal-upgrade-regression.mjs:8:12)
    TestContext.<anonymous> (file:///workspace/scratch/c9f4993ef355/candidate-1.0.22/tokimemo-main/tools/verification/mv-journal-upgrade-regression.mjs:25:35)
    Test.runInAsyncScope (node:async_hooks:227:14)
    Test.run (node:internal/test_runner/test:1382:25)
    Test.start (node:internal/test_runner/test:1242:17)
    startSubtestAfterBootstrap (node:internal/test_runner/harness:387:17)
  ...
# Subtest: actual r215 story journal saves after upgrade when its original record is unchanged
not ok 2 - actual r215 story journal saves after upgrade when its original record is unchanged
  ---
  duration_ms: 0.308762
  type: 'test'
  location: '/workspace/scratch/c9f4993ef355/candidate-1.0.22/tokimemo-main/tools/verification/mv-journal-upgrade-regression.mjs:31:1'
  failureType: 'testCodeFailure'
  error: 'PREVIOUS_BUILD_ROOT must identify the delivered r84.215'
  code: 'ERR_ASSERTION'
  name: 'AssertionError'
  expected: true
  operator: '=='
  stack: |-
    legacyFactory (file:///workspace/scratch/c9f4993ef355/candidate-1.0.22/tokimemo-main/tools/verification/mv-journal-upgrade-regression.mjs:8:12)
    TestContext.<anonymous> (file:///workspace/scratch/c9f4993ef355/candidate-1.0.22/tokimemo-main/tools/verification/mv-journal-upgrade-regression.mjs:32:35)
    Test.runInAsyncScope (node:async_hooks:227:14)
    Test.run (node:internal/test_runner/test:1382:25)
    Test.processPendingSubtests (node:internal/test_runner/test:960:18)
    Test.postRun (node:internal/test_runner/test:1522:19)
    Test.run (node:internal/test_runner/test:1447:12)
    async startSubtestAfterBootstrap (node:internal/test_runner/harness:387:3)
  ...
# Subtest: actual r215 snapshot story journal cannot erase a newer image after upgrade
not ok 3 - actual r215 snapshot story journal cannot erase a newer image after upgrade
  ---
  duration_ms: 0.466252
  type: 'test'
  location: '/workspace/scratch/c9f4993ef355/candidate-1.0.22/tokimemo-main/tools/verification/mv-journal-upgrade-regression.mjs:38:1'
  failureType: 'testCodeFailure'
  error: 'PREVIOUS_BUILD_ROOT must identify the delivered r84.215'
  code: 'ERR_ASSERTION'
  name: 'AssertionError'
  expected: true
  operator: '=='
  stack: |-
    legacyFactory (file:///workspace/scratch/c9f4993ef355/candidate-1.0.22/tokimemo-main/tools/verification/mv-journal-upgrade-regression.mjs:8:12)
    TestContext.<anonymous> (file:///workspace/scratch/c9f4993ef355/candidate-1.0.22/tokimemo-main/tools/verification/mv-journal-upgrade-regression.mjs:39:35)
    Test.runInAsyncScope (node:async_hooks:227:14)
    Test.run (node:internal/test_runner/test:1382:25)
    Test.processPendingSubtests (node:internal/test_runner/test:960:18)
    Test.postRun (node:internal/test_runner/test:1522:19)
    Test.run (node:internal/test_runner/test:1447:12)
    async Test.processPendingSubtests (node:internal/test_runner/test:960:7)
  ...
1..3
# tests 3
# suites 0
# pass 0
# fail 3
# cancelled 0
# skipped 0
# todo 0
# duration_ms 54.135802
