(node:508) ExperimentalWarning: VM Modules is an experimental feature and might change at any time
(Use `node --trace-warnings ...` to show where the warning was created)
TAP version 13
# Subtest: saved per-shot local images appear after reopening v2 and do not replace shared sibling images
ok 1 - saved per-shot local images appear after reopening v2 and do not replace shared sibling images
  ---
  duration_ms: 256.724721
  type: 'test'
  ...
# Subtest: importing a full scene takes effect in v2 preview without automatic splitting or cutout
ok 2 - importing a full scene takes effect in v2 preview without automatic splitting or cutout
  ---
  duration_ms: 227.994452
  type: 'test'
  ...
# Subtest: single-shot redraw is visible in v2 while sibling shots retain their shared art
ok 3 - single-shot redraw is visible in v2 while sibling shots retain their shared art
  ---
  duration_ms: 236.324068
  type: 'test'
  ...
# Subtest: manual image failure preserves the old reference and blob
ok 4 - manual image failure preserves the old reference and blob
  ---
  duration_ms: 185.952146
  type: 'test'
  ...
# Subtest: two rapid imports keep the last chosen image when storage finishes out of order
ok 5 - two rapid imports keep the last chosen image when storage finishes out of order
  ---
  duration_ms: 265.650416
  type: 'test'
  ...
# Subtest: late import cannot overwrite a replacement storyboard and remains recoverable
ok 6 - late import cannot overwrite a replacement storyboard and remains recoverable
  ---
  duration_ms: 188.054012
  type: 'test'
  ...
# Subtest: late imported image stays bound to the original song after navigation
ok 7 - late imported image stays bound to the original song after navigation
  ---
  duration_ms: 192.30559
  type: 'test'
  ...
# Subtest: a new storyboard revision holds a late import even when its shot fields are identical
ok 8 - a new storyboard revision holds a late import even when its shot fields are identical
  ---
  duration_ms: 218.904405
  type: 'test'
  ...
# Subtest: changing chats during image storage cannot write the imported image into the new chat
ok 9 - changing chats during image storage cannot write the imported image into the new chat
  ---
  duration_ms: 227.816723
  type: 'test'
  ...
# Subtest: a missing imported blob stops export with a message instead of exporting its replaced picture
ok 10 - a missing imported blob stops export with a message instead of exporting its replaced picture
  ---
  duration_ms: 205.763406
  type: 'test'
  ...
# Subtest: returning to shared art removes only the chosen shot override
ok 11 - returning to shared art removes only the chosen shot override
  ---
  duration_ms: 269.797186
  type: 'test'
  ...
# Subtest: completed clip export loads visible imported scenes instead of unavailable replaced assets
ok 12 - completed clip export loads visible imported scenes instead of unavailable replaced assets
  ---
  duration_ms: 251.982914
  type: 'test'
  ...
# Subtest: undoing a correction after all sections are timed leaves that section ready to tap again
ok 13 - undoing a correction after all sections are timed leaves that section ready to tap again
  ---
  duration_ms: 220.406572
  type: 'test'
  ...
# Subtest: undoing an out-of-order section returns to that section, not the first missing one
ok 14 - undoing an out-of-order section returns to that section, not the first missing one
  ---
  duration_ms: 222.736353
  type: 'test'
  ...
# Subtest: undoing a nudge restores its target and a new tap creates a correct undo record
ok 15 - undoing a nudge restores its target and a new tap creates a correct undo record
  ---
  duration_ms: 220.193079
  type: 'test'
  ...
# Subtest: sequential final-tap undo and reopened fallback undo can both be tapped again
ok 16 - sequential final-tap undo and reopened fallback undo can both be tapped again
  ---
  duration_ms: 222.160284
  type: 'test'
  ...
# Subtest: undo keeps the no-audio button disabled and reset removes stale undo targets
ok 17 - undo keeps the no-audio button disabled and reset removes stale undo targets
  ---
  duration_ms: 182.984031
  type: 'test'
  ...
1..17
# tests 17
# suites 0
# pass 17
# fail 0
# cancelled 0
# skipped 0
# todo 0
# duration_ms 4153.803156
