(node:13) ExperimentalWarning: VM Modules is an experimental feature and might change at any time
(Use `node --trace-warnings ...` to show where the warning was created)
✖ album: first 500-memory request sends 48 and records 48, not all 500 (241.116228ms)
✖ adv: first 500-memory request sends 48 and records 48, not all 500 (176.126387ms)
ℹ tests 2
ℹ suites 0
ℹ pass 0
ℹ fail 2
ℹ cancelled 0
ℹ skipped 0
ℹ todo 0
ℹ duration_ms 704.697204

✖ failing tests:

test at tools/verification/content-selection-regression.mjs:33:5
✖ album: first 500-memory request sends 48 and records 48, not all 500 (241.116228ms)
  AssertionError [ERR_ASSERTION]: Expected values to be strictly equal:
  
  500 !== 48
  
      at TestContext.<anonymous> (file:///workspace/scratch/c9f4993ef355/candidate-1.0.21/tokimemo-main/tools/verification/content-selection-regression.mjs:37:16)
      at async Test.run (node:internal/test_runner/test:1389:7)
      at async startSubtestAfterBootstrap (node:internal/test_runner/harness:387:3) {
    generatedMessage: true,
    code: 'ERR_ASSERTION',
    actual: 500,
    expected: 48,
    operator: 'strictEqual',
    diff: 'simple'
  }

test at tools/verification/content-selection-regression.mjs:33:5
✖ adv: first 500-memory request sends 48 and records 48, not all 500 (176.126387ms)
  AssertionError [ERR_ASSERTION]: Expected values to be strictly equal:
  
  500 !== 48
  
      at TestContext.<anonymous> (file:///workspace/scratch/c9f4993ef355/candidate-1.0.21/tokimemo-main/tools/verification/content-selection-regression.mjs:37:16)
      at async Test.run (node:internal/test_runner/test:1389:7)
      at async Test.processPendingSubtests (node:internal/test_runner/test:960:7) {
    generatedMessage: true,
    code: 'ERR_ASSERTION',
    actual: 500,
    expected: 48,
    operator: 'strictEqual',
    diff: 'simple'
  }
