(node:13) ExperimentalWarning: VM Modules is an experimental feature and might change at any time
(Use `node --trace-warnings ...` to show where the warning was created)
✖ revision drift journals paid result and survives a fresh runtime (253.675087ms)
✖ frame cast is the exact intersection of shot people and appearance preference (163.268212ms)
ℹ tests 2
ℹ suites 0
ℹ pass 0
ℹ fail 2
ℹ cancelled 0
ℹ skipped 0
ℹ todo 0
ℹ duration_ms 641.682495

✖ failing tests:

test at tools/verification/mv-update-regression.mjs:13:1
✖ revision drift journals paid result and survives a fresh runtime (253.675087ms)
  AssertionError [ERR_ASSERTION]: Expected values to be strictly equal:
  
  false !== true
  
      at TestContext.<anonymous> (file:///workspace/scratch/c9f4993ef355/candidate-1.0.21/tokimemo-main/tools/verification/mv-update-regression.mjs:13:231)
      at async Test.run (node:internal/test_runner/test:1389:7)
      at async startSubtestAfterBootstrap (node:internal/test_runner/harness:387:3) {
    generatedMessage: true,
    code: 'ERR_ASSERTION',
    actual: false,
    expected: true,
    operator: 'strictEqual',
    diff: 'simple'
  }

test at tools/verification/mv-update-regression.mjs:20:1
✖ frame cast is the exact intersection of shot people and appearance preference (163.268212ms)
  AssertionError [ERR_ASSERTION]: The input did not match the regular expression /no people/. Input:
  
  'vertical 9:16 composition, empty room, scenery, no humans'
  
      at TestContext.<anonymous> (file:///workspace/scratch/c9f4993ef355/candidate-1.0.21/tokimemo-main/tools/verification/mv-update-regression.mjs:20:585)
      at async Test.run (node:internal/test_runner/test:1389:7)
      at async Test.processPendingSubtests (node:internal/test_runner/test:960:7) {
    generatedMessage: true,
    code: 'ERR_ASSERTION',
    actual: 'vertical 9:16 composition, empty room, scenery, no humans',
    expected: /no people/,
    operator: 'match',
    diff: 'simple'
  }
