[HeartbeatMemories] input token count unavailable; proceeding without an estimated hard cutoff { name: 'Error' }
(node:13) ExperimentalWarning: VM Modules is an experimental feature and might change at any time
(Use `node --trace-warnings ...` to show where the warning was created)
✔ all production module exports initialize (196.383201ms)
✔ input user budget preserves positive integers; actual tokens decide instead of chars (199.660172ms)
✔ JSON and profile streaming preserve responses beyond 600k chars and 4MB (215.891743ms)
✔ cumulative drama and extras retain every existing record past former caps (206.50843ms)
✔ CG incremental generation retains paid item 241 and matching coverage (193.805442ms)
✔ real waiting request pipeline holds revision drift and does not commit stale output (238.122011ms)
✔ switch + quota failure retains paid output; save-only retry restores old and new without another request (247.804889ms)
✔ missing or silent localStorage never reports durable save; rejection handled and export available (227.342008ms)
✔ durable pending journal survives runtime reload and requires original revision (362.386175ms)
✔ invalid paid body remains exportable rather than triggering another request (218.741176ms)
✔ real intel request saves normally and releases running state (233.506103ms)
✔ manual JSON and SSE transport retain >4MB while preserving requested output budget (761.676981ms)
✔ archive deletion and character switch never write held results into the new target (381.917387ms)
✔ confirmed local results remain recoverable despite rejected metadata persistence (484.013129ms)
✔ HTTP/LAN hosts without crypto.randomUUID can retain paid results with distinct ids (290.711967ms)
(node:14) ExperimentalWarning: VM Modules is an experimental feature and might change at any time
(Use `node --trace-warnings ...` to show where the warning was created)
✔ detail framing reaches full group layer (363.681052ms)
✔ detail framing reaches asset explicitly kept as a full image (318.704282ms)
✔ detail framing reaches opaque cutout needing editor fallback (443.53986ms)
✔ detail framing reaches per-shot full-image override (379.778755ms)
✔ detail framing reaches non-expression legacy group without a stage (335.133274ms)
✔ detail framing reaches legacy per-shot image without a stage (327.198204ms)
✔ detail metadata recognizes 脸部极度特写 in 16:9 (331.136712ms)
✔ detail metadata recognizes legacy characterPrompt in 16:9 (638.799145ms)
✔ detail metadata recognizes 脸部极度特写 in 9:16 (346.444891ms)
✔ detail metadata recognizes legacy characterPrompt in 9:16 (409.047533ms)
✔ local framing recognizes hands-only cast with a medium scale (414.749965ms)
✔ local framing recognizes detail cue stored only in diff.change (387.463229ms)
✔ local framing recognizes face close-up stored only in the shot imagePrompt (416.073263ms)
✔ a legacy V1 shot preserves its complete local image (383.206477ms)
✔ a non-stage single-shot image retains its original background and does not acquire automatic cutout (340.333415ms)
✔ export waits for the local background exposed by a full detail insert and matches preview pixels (396.557059ms)
✔ a manually selected right cell retains both ends in full mode (345.116067ms)
✔ a manually selected right cell retains both ends in cutout mode (385.492851ms)
✔ an opaque full scene at its original aspect ratio retains its original composition (350.755106ms)
✔ full stage actor mentioning hands remains a standing actor (425.684243ms)
✔ medium stage actor mentioning hands remains a standing actor (513.127729ms)
(node:41) ExperimentalWarning: VM Modules is an experimental feature and might change at any time
(Use `node --trace-warnings ...` to show where the warning was created)
✔ opening the music drawer keeps file import and performs no network request (187.80004ms)
✔ HTTPS input accepts Suno song and short links without inventing media endpoints (136.942368ms)
✔ unsafe schemes, credential URLs and remote HTTP are rejected before a request (188.643312ms)
✔ public metadata resolves escaped relative audio without executing page scripts (143.185344ms)
✔ explicit audio and source tags work while video-only sources are ignored (167.097895ms)
✔ comments, scripts, malformed scripts and unsupported URL schemes never become media requests (151.392184ms)
✔ direct audio import uses anonymous CORS fetch and commits only after decoding (231.19941ms)
✔ the existing play, pause, seek and lyric marking all use the imported audio clock (199.150288ms)
✔ export consumes the same local blob as preview through the existing sound path (221.723358ms)
✔ a Suno-shaped public metadata response imports through the same path without an iframe (196.694478ms)
✔ a real-shaped Suno 403 leaves the old audio, timings, artwork and saved data intact (202.21231ms)
✔ a share page without published audio fails explicitly and never becomes a phantom audio track (203.27752ms)
✔ CORS/network failure does not fall back to proxies or hidden playback (205.459988ms)
✔ empty, JSON and nested HTML responses never replace music (652.101078ms)
✔ decode failure preserves the prior cached track and can be retried (263.443483ms)
✔ cancel aborts a download and a late response cannot replace the current track (343.027687ms)
✔ cancel during decoding also discards a stale loadedmetadata event (263.122108ms)
✔ switching songs aborts loading and never imports into either song afterward (382.544517ms)
✔ chat changes during decoding cannot commit into old or new chat (717.1154ms)
✔ choosing a local file wins over an unfinished link import (656.149814ms)
✔ fresh runtime restores cached link audio for the same song without network access (1085.679407ms)
✔ music media metadata remains local and does not add URLs or blobs to the MV record (333.627195ms)
✔ non-seekable live audio is rejected without changing the current timeline (314.691605ms)
✔ changing the song text during metadata decoding invalidates the import (284.451435ms)
✔ download timeout clears the busy state and keeps the old track available (277.893519ms)
✔ stream read failures never expose a source URL or provider error details in the UI (269.889654ms)
✔ typed link survives redraws and Enter imports through the same action (268.997354ms)
✔ the real media module stores the link alongside the blob and keeps older rows compatible (277.661815ms)
✔ legacy video MV also exposes the current-song music entry without switching its output setting (292.693847ms)
(node:49) ExperimentalWarning: VM Modules is an experimental feature and might change at any time
(Use `node --trace-warnings ...` to show where the warning was created)
✔ paid storyboard switch + quota preserves raw and old metadata; save-only retry is idempotent (553.241613ms)
✖ revision drift journals paid result and survives a fresh runtime (496.084416ms)
✔ song deletion and text changes cannot receive a late paid result (799.824604ms)
✔ absent/silent local storage and rejected metadata never claim durable success (227.636406ms)
✔ malformed paid storyboard remains exportable with no automatic new request (321.346151ms)
✔ late generated frame never overwrites a newer manual image (273.505508ms)
✔ late rewrite detects shot edits and keeps paid rewrite (226.341997ms)
✔ legacy reversed taps produce strictly positive non-overlapping SRT times (220.762666ms)
✖ frame cast is the exact intersection of shot people and appearance preference (208.482669ms)
✔ delayed audio restore cannot change another chat/song filename or duration (219.557809ms)
✔ audio with same song id is isolated by chat and late restore loses to manual upload (247.747558ms)
✔ leaving MV while playing stops audio and never renders over another route (216.673788ms)
✔ record countdown is cancelled on exit and cannot play later (265.356877ms)
✔ canvas subtitles preserve the entire lyric instead of clipping to 24 characters (209.732434ms)
✔ public tap nudge cannot cross the next marked section (234.519191ms)
✔ updater accepts same project SSH remote and reverse-proxy prefix with JSON/CSRF intact (199.585093ms)
✔ updater independently verifies the resulting commit instead of trusting update response (275.967037ms)
✔ up-to-date branch makes no update POST and shows actual loaded build (253.292694ms)
✔ wrong remote, ZIP, denied permissions and cross-origin path never pull code (531.392093ms)
✔ concurrent update clicks share a single update and release failed button (263.087976ms)
✔ song plan and storage retain song 81 and cumulative text beyond 1.2M (328.061015ms)
✔ leaving during active export stops recorder, audio and tracks without redrawing another page (290.28409ms)
✔ export waits for local image blobs and cannot start after leaving during preload (303.8364ms)
✔ settings updater entry renders escaped complete running version independently of update status (220.854288ms)
✔ normal paid frame saves once and survives metadata failure through confirmed local copy (408.295746ms)
✔ storyboard saves alongside newer audio duration/timing without reverting either (212.852432ms)
✔ MV backup includes old metadata-only records before the first local write (220.659398ms)
✔ completed body + open draw ticket: settle without new body requests; repeated wake is idle (116.09588ms)
✔ settlement failure can be retried without rerunning completed body (4.346884ms)
✔ failed pending step on same floor remains resumable; saved steps never execute (2.073895ms)
✔ every 1 floor, 4 floors with repeated wakeups -> exactly 4 bodies and no adjacent repeat in multi-candidate pool (3.368023ms)
✔ only one eligible module continues generating each floor (no added block) (4.74137ms)
✔ completed ticket on next due floor does not consume or block the new draw (0.682813ms)
✔ batch progress preserves page-only flag and displays a working save-only entry (42.733211ms)
✔ successful paid segment survives storage failure; explicit save makes it durable with zero additional model calls (9.579169ms)
✔ new batch reusing storage slot never counts previous batch successes as current saved successes (6.65142ms)
✔ manual save waits for a failed in-flight write, then performs its own save retry (8.961318ms)
✔ storage CAS conflicts still preserve page data and do not overwrite external data (6.581155ms)
✔ finished result or parked old draft with failed storage still exposes save-only action (5.340825ms)
✔ legacy songs remain readable, with optional cover absent and no data mutation on opening (8.844829ms)
✔ cover apply/reopen/redraw/history touches only the selected cover, preserving lyrics and neighboring songs (6.956952ms)
✔ late cover cannot overwrite changed lyrics, another song, or another mode (0.549188ms)
✔ newer redraw is preserved when an older image completion arrives late (0.696339ms)
✔ cover sidecar rejects remote / embedded / script / traversal paths using existing saved-image contract (0.74058ms)
✔ concurrent new song commit keeps latest stored cover and still rejects text conflicts (3.084547ms)
✔ initial and reconceived album art prompts are cinematic fashion covers, not old generic 16:9 scene instructions (3.706564ms)
✔ read-only cover view displays saved art without edit buttons (0.909003ms)
✔ album concept preserves participant identities and existing appearance contract in both text formats (0.76886ms)
✔ manual album prompt remains editable and sendable with empty appearance; no new formatting gate (1.226378ms)
✔ cover capture uses existing chat/revision identity and becomes stale on changed song content (2.35778ms)
ℹ tests 115
ℹ suites 0
ℹ pass 113
ℹ fail 2
ℹ cancelled 0
ℹ skipped 0
ℹ todo 0
ℹ duration_ms 17543.668036

✖ failing tests:

test at tools/verification/mv-update-regression.mjs:13:1
✖ revision drift journals paid result and survives a fresh runtime (496.084416ms)
  AssertionError [ERR_ASSERTION]: Expected values to be strictly equal:
  
  false !== true
  
      at TestContext.<anonymous> (file:///workspace/scratch/c9f4993ef355/candidate-1.0.21/tokimemo-main/tools/verification/mv-update-regression.mjs:13:231)
      at async Test.run (node:internal/test_runner/test:1389:7)
      at async Test.processPendingSubtests (node:internal/test_runner/test:960:7) {
    generatedMessage: true,
    code: 'ERR_ASSERTION',
    actual: false,
    expected: true,
    operator: 'strictEqual',
    diff: 'simple'
  }

test at tools/verification/mv-update-regression.mjs:20:1
✖ frame cast is the exact intersection of shot people and appearance preference (208.482669ms)
  AssertionError [ERR_ASSERTION]: The input did not match the regular expression /no people/. Input:
  
  'vertical 9:16 composition, empty room, scenery, no humans'
  
      at TestContext.<anonymous> (file:///workspace/scratch/c9f4993ef355/candidate-1.0.21/tokimemo-main/tools/verification/mv-update-regression.mjs:20:585)
      at async Test.run (node:internal/test_runner/test:1389:7)
      at async Test.processPendingSubtests (node:internal/test_runner/test:960:7) {
    generatedMessage: true,
    code: 'ERR_ASSERTION',
    actual: 'vertical 9:16 composition, empty room, scenery, no humans',
    expected: /no people/,
    operator: 'match',
    diff: 'simple'
  }
