{
  "ok": false,
  "baselineModules": 296,
  "modules": 301,
  "problems": [
    "declaration changed or removed: archive/archiveVerdict.js:rewriteCurrentArchiveVerdictOperation@67",
    "declaration changed or removed: archive/backupStore.js:idbReadRecord@313",
    "declaration changed or removed: archive/backupStore.js:idbRead@344",
    "declaration changed or removed: archive/backupStore.js:idbPut@358",
    "declaration changed or removed: archive/backupStore.js:idbPutRecord@366",
    "declaration changed or removed: archive/backupStore.js:idbDeleteRecords@584",
    "declaration changed or removed: archive/backupStore.js:readArchiveBackupState@674",
    "declaration changed or removed: archive/backupStore.js:ExpressionStatement@755",
    "declaration changed or removed: archive/importOperation.js:importCurrentChatMemoryOperation@47",
    "declaration changed or removed: archive/library.js:showArchiveLibrary@53",
    "declaration changed or removed: archive/library.js:setArchiveReadOnly@220",
    "declaration changed or removed: archive/library.js:showIndexedArchiveSnapshot@246",
    "declaration changed or removed: archive/libraryCharacter.js:showArchiveCharacter@21",
    "declaration changed or removed: archive/libraryCharacter.js:freezeArchiveTarget@379",
    "declaration changed or removed: archive/libraryCharacter.js:revalidateArchiveTarget@450",
    "declaration changed or removed: archive/librarySnapshots.js:archiveSnapshotEditableUi@141",
    "declaration changed or removed: archive/librarySnapshots.js:promoteSnapshotToLiveIfCurrent@153",
    "declaration changed or removed: archive/librarySnapshots.js:requireWritableArchiveAction@197",
    "declaration changed or removed: core/cacheArchiveMemory.js:ensureCurrentArchiveBackup@481",
    "declaration changed or removed: ui/overlayClickActions.js:overlayArchiveActions@46",
    "declaration changed or removed: ui/overlayShell.js:decorateReadOnlyModeUi@665",
    "export changed: archive/backupStore.js readArchiveBackupState",
    "export changed: archive/importOperation.js importCurrentChatMemoryOperation",
    "export changed: archive/library.js archiveSnapshotEditableUi",
    "export changed: archive/library.js freezeArchiveTarget",
    "export changed: archive/library.js promoteSnapshotToLiveIfCurrent",
    "export changed: archive/library.js requireWritableArchiveAction",
    "export changed: archive/library.js revalidateArchiveTarget",
    "export changed: archive/library.js setArchiveReadOnly",
    "export changed: archive/library.js showArchiveCharacter",
    "export changed: archive/library.js showArchiveLibrary",
    "export changed: archive/library.js showIndexedArchiveSnapshot",
    "export changed: archive/libraryCharacter.js freezeArchiveTarget",
    "export changed: archive/libraryCharacter.js revalidateArchiveTarget",
    "export changed: archive/libraryCharacter.js showArchiveCharacter",
    "export changed: archive/librarySnapshots.js archiveSnapshotEditableUi",
    "export changed: archive/librarySnapshots.js promoteSnapshotToLiveIfCurrent",
    "export changed: archive/librarySnapshots.js requireWritableArchiveAction",
    "export changed: core/cache.js ensureCurrentArchiveBackup",
    "export changed: core/cacheArchiveMemory.js ensureCurrentArchiveBackup",
    "export changed: ui/overlay.js decorateReadOnlyModeUi",
    "export changed: ui/overlayClickActions.js overlayArchiveActions",
    "export changed: ui/overlayShell.js decorateReadOnlyModeUi"
  ],
  "allowedChanges": [],
  "addedDeclarations": [
    "archive/archiveVerdict.js:rewriteCurrentArchiveVerdictOperation@68",
    "archive/backupStore.js:archiveBackupTransaction@269",
    "archive/backupStore.js:prepareArchiveBackupRecord@283",
    "archive/backupStore.js:normalizeArchiveBackupRecord@285",
    "archive/backupStore.js:readArchiveRelayState@287",
    "archive/backupStore.js:assertArchiveRelayWritable@300",
    "archive/backupStore.js:idbReadRecord@350",
    "archive/backupStore.js:idbRead@398",
    "archive/backupStore.js:idbPut@412",
    "archive/backupStore.js:idbPutRecord@421",
    "archive/backupStore.js:idbDeleteRecords@649",
    "archive/backupStore.js:readArchiveBackupState@751",
    "archive/backupStore.js:ExpressionStatement@835",
    "archive/importOperation.js:importCurrentChatMemoryOperation@49",
    "archive/library.js:showArchiveLibrary@55",
    "archive/library.js:setArchiveReadOnly@222",
    "archive/library.js:showIndexedArchiveSnapshot@248",
    "archive/libraryCharacter.js:showArchiveCharacter@23",
    "archive/libraryCharacter.js:freezeArchiveTarget@381",
    "archive/libraryCharacter.js:revalidateArchiveTarget@453",
    "archive/librarySnapshots.js:archiveSnapshotEditableUi@142",
    "archive/librarySnapshots.js:promoteSnapshotToLiveIfCurrent@155",
    "archive/librarySnapshots.js:requireWritableArchiveAction@205",
    "archive/relay.js:copy@14",
    "archive/relay.js:targetMirror@16",
    "archive/relay.js:binding@22",
    "archive/relay.js:stillCurrent@27",
    "archive/relay.js:assertCurrent@36",
    "archive/relay.js:relayCandidates@40",
    "archive/relay.js:previewArchiveRelay@55",
    "archive/relay.js:commitArchiveRelay@95",
    "archive/relayPreparation.js:RELAY_SOURCE_CHECKPOINTS_KEY@9",
    "archive/relayPreparation.js:RELAY_PRESERVED_DRAFTS_KEY@10",
    "archive/relayPreparation.js:RECOVERY_KEY@11",
    "archive/relayPreparation.js:DRAFTS_KEY@12",
    "archive/relayPreparation.js:VERSIONS_KEY@13",
    "archive/relayPreparation.js:SOURCE_FIELDS@14",
    "archive/relayPreparation.js:rows@18",
    "archive/relayPreparation.js:copy@19",
    "archive/relayPreparation.js:chatKey@20",
    "archive/relayPreparation.js:invalid@22",
    "archive/relayPreparation.js:sourceCheckpoint@26",
    "archive/relayPreparation.js:emptyCheckpoint@30",
    "archive/relayPreparation.js:relayHasUnreadCurrentSource@40",
    "archive/relayPreparation.js:stampMemorySources@53",
    "archive/relayPreparation.js:moveMemoryView@64",
    "archive/relayPreparation.js:moveSession@71",
    "archive/relayPreparation.js:moveCacheViews@90",
    "archive/relayPreparation.js:relayPreservedDraftRows@119",
    "archive/relayPreparation.js:preserveOriginDrafts@127",
    "archive/relayPreparation.js:prepareArchiveRelay@164",
    "archive/relayStore.js:same@8",
    "archive/relayStore.js:checkpointKey@9",
    "archive/relayStore.js:readRecord@11",
    "archive/relayStore.js:readArchiveRelayState@22",
    "archive/relayStore.js:readRelayCheckpoint@26",
    "archive/relayStore.js:handoffArchiveBackup@28",
    "archive/relayStore.js:ExpressionStatement@110",
    "core/archiveBridge.js:readArchiveRelayState@20",
    "core/archiveBridge.js:assertArchiveRelayWritable@21",
    "core/archiveRelayPolicy.js:observed@5",
    "core/archiveRelayPolicy.js:relayMemberKey@7",
    "core/archiveRelayPolicy.js:relayContextEntry@11",
    "core/archiveRelayPolicy.js:relayError@16",
    "core/archiveRelayPolicy.js:relayFence@20",
    "core/archiveRelayPolicy.js:rememberRelayFence@30",
    "core/archiveRelayPolicy.js:relayUiState@36",
    "core/archiveRelayPolicy.js:relayHolder@38",
    "core/archiveRelayPolicy.js:relayReadOnly@42",
    "core/archiveRelayPolicy.js:assertRelayWrite@46",
    "core/cacheArchiveMemory.js:ensureCurrentArchiveBackup@482",
    "ui/archiveInheritance.js:activePreview@8",
    "ui/archiveRelayView.js:esc@16",
    "ui/archiveRelayView.js:currentEntry@18",
    "ui/archiveRelayView.js:archiveRelayEntryHtml@20",
    "ui/archiveRelayView.js:archiveRelayPreviewHtml@31",
    "ui/archiveRelayView.js:download@36",
    "ui/archiveRelayView.js:handleArchiveRelayAction@42",
    "ui/overlayClickActions.js:overlayArchiveActions@47",
    "ui/overlayShell.js:decorateReadOnlyModeUi@666"
  ]
}
(node:13) ExperimentalWarning: VM Modules is an experimental feature and might change at any time
(Use `node --trace-warnings ...` to show where the warning was created)
