(node:12) ExperimentalWarning: VM Modules is an experimental feature and might change at any time
(Use `node --trace-warnings ...` to show where the warning was created)
✖ one refresh shares recovery reads with task panel closed (182.276205ms)
✖ one refresh shares recovery reads with task panel open (160.505562ms)
✖ the next refresh immediately sees a newly saved failure and its later completion (218.109839ms)
✖ request phase updates reuse one snapshot and keep cancellation visible (188.541505ms)
✖ one unreadable pending store is observed once and still exposes its existing export action (184.160577ms)
✔ standalone live strip refresh does not carry a prior refresh snapshot (164.815561ms)
ℹ tests 6
ℹ suites 0
ℹ pass 1
ℹ fail 5
ℹ cancelled 0
ℹ skipped 0
ℹ todo 0
ℹ duration_ms 1357.597023

✖ failing tests:

test at tools/verification/task-ui-refresh-regression.mjs:32:35
✖ one refresh shares recovery reads with task panel closed (182.276205ms)
  AssertionError [ERR_ASSERTION]: Expected values to be strictly deep-equal:
  + actual - expected
  
    {
  +   drafts: 3,
  +   pending: 2,
  +   tasks: 2,
  -   drafts: 1,
  -   pending: 1,
  -   tasks: 1,
      unattributed: 1
    }
  
      at TestContext.<anonymous> (file:///workspace/scratch/c9f4993ef355/candidate-1.0.22/tokimemo-main/tools/verification/task-ui-refresh-regression.mjs:36:12)
      at async Test.run (node:internal/test_runner/test:1389:7)
      at async startSubtestAfterBootstrap (node:internal/test_runner/harness:387:3) {
    generatedMessage: true,
    code: 'ERR_ASSERTION',
    actual: { drafts: 3, tasks: 2, pending: 2, unattributed: 1 },
    expected: { drafts: 1, tasks: 1, pending: 1, unattributed: 1 },
    operator: 'deepStrictEqual',
    diff: 'simple'
  }

test at tools/verification/task-ui-refresh-regression.mjs:32:35
✖ one refresh shares recovery reads with task panel open (160.505562ms)
  AssertionError [ERR_ASSERTION]: Expected values to be strictly deep-equal:
  + actual - expected
  
    {
  +   drafts: 4,
  +   pending: 3,
  +   tasks: 3,
  +   unattributed: 2
  -   drafts: 1,
  -   pending: 1,
  -   tasks: 1,
  -   unattributed: 1
    }
  
      at TestContext.<anonymous> (file:///workspace/scratch/c9f4993ef355/candidate-1.0.22/tokimemo-main/tools/verification/task-ui-refresh-regression.mjs:36:12)
      at async Test.run (node:internal/test_runner/test:1389:7)
      at async Test.processPendingSubtests (node:internal/test_runner/test:960:7) {
    generatedMessage: true,
    code: 'ERR_ASSERTION',
    actual: { drafts: 4, tasks: 3, pending: 3, unattributed: 2 },
    expected: { drafts: 1, tasks: 1, pending: 1, unattributed: 1 },
    operator: 'deepStrictEqual',
    diff: 'simple'
  }

test at tools/verification/task-ui-refresh-regression.mjs:48:1
✖ the next refresh immediately sees a newly saved failure and its later completion (218.109839ms)
  AssertionError [ERR_ASSERTION]: Expected values to be strictly equal:
  
  '0' !== '1'
  
      at TestContext.<anonymous> (file:///workspace/scratch/c9f4993ef355/candidate-1.0.22/tokimemo-main/tools/verification/task-ui-refresh-regression.mjs:51:12)
      at async Test.run (node:internal/test_runner/test:1389:7)
      at async Test.processPendingSubtests (node:internal/test_runner/test:960:7) {
    generatedMessage: true,
    code: 'ERR_ASSERTION',
    actual: '0',
    expected: '1',
    operator: 'strictEqual',
    diff: 'simple'
  }

test at tools/verification/task-ui-refresh-regression.mjs:56:1
✖ request phase updates reuse one snapshot and keep cancellation visible (188.541505ms)
  AssertionError [ERR_ASSERTION]: Expected values to be strictly equal:
  
  3 !== 1
  
      at TestContext.<anonymous> (file:///workspace/scratch/c9f4993ef355/candidate-1.0.22/tokimemo-main/tools/verification/task-ui-refresh-regression.mjs:61:12)
      at async Test.run (node:internal/test_runner/test:1389:7)
      at async Test.processPendingSubtests (node:internal/test_runner/test:960:7) {
    generatedMessage: true,
    code: 'ERR_ASSERTION',
    actual: 3,
    expected: 1,
    operator: 'strictEqual',
    diff: 'simple'
  }

test at tools/verification/task-ui-refresh-regression.mjs:68:1
✖ one unreadable pending store is observed once and still exposes its existing export action (184.160577ms)
  AssertionError [ERR_ASSERTION]: Expected values to be strictly equal:
  
  3 !== 1
  
      at TestContext.<anonymous> (file:///workspace/scratch/c9f4993ef355/candidate-1.0.22/tokimemo-main/tools/verification/task-ui-refresh-regression.mjs:70:41)
      at async Test.run (node:internal/test_runner/test:1389:7)
      at async Test.processPendingSubtests (node:internal/test_runner/test:960:7) {
    generatedMessage: true,
    code: 'ERR_ASSERTION',
    actual: 3,
    expected: 1,
    operator: 'strictEqual',
    diff: 'simple'
  }
