(node:12) ExperimentalWarning: VM Modules is an experimental feature and might change at any time
(Use `node --trace-warnings ...` to show where the warning was created)
✔ album: first 500-memory request sends 48 and records 48, not all 500 (185.936528ms)
✔ album: manual 300-memory range reaches prompt and validates last item (141.966213ms)
✔ album: old blanket coverage does not hide unused memories; old work is immutable (165.391097ms)
✔ album: valid empty first result advances material only, without follow-up calls (184.731903ms)
✔ album: malformed/failed result never changes old coverage or work (165.974994ms)
✔ album: selected evidence cannot accept a different archive row (212.789464ms)
✔ album: duplicate paid output is discarded while historical image/text stays exact (159.745402ms)
✔ album: recovery schema and partial reader use frozen selected bank (214.182212ms)
✔ adv: first 500-memory request sends 48 and records 48, not all 500 (212.083246ms)
✔ adv: manual 300-memory range reaches prompt and validates last item (144.410254ms)
✔ adv: old blanket coverage does not hide unused memories; old work is immutable (151.556991ms)
✔ adv: valid empty first result advances material only, without follow-up calls (180.130441ms)
✔ adv: malformed/failed result never changes old coverage or work (178.259337ms)
✔ adv: selected evidence cannot accept a different archive row (158.572115ms)
✔ adv: duplicate paid output is discarded while historical image/text stays exact (166.156237ms)
✔ adv: recovery schema and partial reader use frozen selected bank (174.746161ms)
✔ cold-tier selection participates without changing the original bank (239.75154ms)
✔ expired manual selection stops before a provider request (204.1273ms)
✔ manual selection is isolated by mode, chat, avatar, archive target and revision (219.496991ms)
✔ completion clears only its exact applied request; failed or newer choices survive (206.267552ms)
✔ frozen plan survives serialization and does not adopt a later form selection (483.896709ms)
✔ empty and nonexistent selections are rejected without replacing an applied request (290.108646ms)
✔ legacy paid journal keeps its original prompt sampling, but stamps only 48 actual inputs (218.051094ms)
✔ creative prompt templates are byte-for-byte unchanged from the delivered 1.0.20 source (1.774242ms)
✔ UI: opening first-generation selection is local, collapsed and uses existing generate action (220.146225ms)
✔ UI: apply a range before generation, paginate and keep exact mode-specific request (264.958427ms)
✔ UI: invalid and empty ranges cannot replace chosen material; automatic restore works (244.045354ms)
✔ UI: individual checkboxes change the applied set (204.590189ms)
✔ UI: stale archive blocks both selection and paid generation (250.820275ms)
✔ UI: completed selection resets to automatic only for its matching request (263.190828ms)
✔ UI: unsupported modes and read-only or backup pages do not expose selection controls (259.830935ms)
✔ album: public generateMode freezes applied selection into recovery and commits matching coverage (532.289377ms)
✔ adv: public generateMode freezes applied selection into recovery and commits matching coverage (621.063241ms)
✔ album: second-step dialogue keeps selected coverage instead of marking a new batch (559.434401ms)
✔ paid album index survives a fresh runtime and resumes original range with zero new provider calls (1678.224151ms)
✔ album: existing reader mounts selection alongside original reading controls (247.632151ms)
✔ adv: existing reader mounts selection alongside original reading controls (284.268328ms)
✔ UI: imported metadata and archive titles cannot insert HTML through the selection panel (280.638608ms)
ℹ tests 38
ℹ suites 0
ℹ pass 38
ℹ fail 0
ℹ cancelled 0
ℹ skipped 0
ℹ todo 0
ℹ duration_ms 10752.497258
