TAP version 13
# (node:12) ExperimentalWarning: VM Modules is an experimental feature and might change at any time
# (Use `node --trace-warnings ...` to show where the warning was created)
# Subtest: uniform 255 character matte is removed automatically, enclosed white clothing remains
ok 1 - uniform 255 character matte is removed automatically, enclosed white clothing remains
  ---
  duration_ms: 259.941052
  type: 'test'
  ...
# Subtest: uniform 235 character matte is removed automatically, enclosed white clothing remains
ok 2 - uniform 235 character matte is removed automatically, enclosed white clothing remains
  ---
  duration_ms: 247.248386
  type: 'test'
  ...
# Subtest: uniform 205 character matte is removed automatically, enclosed white clothing remains
ok 3 - uniform 205 character matte is removed automatically, enclosed white clothing remains
  ---
  duration_ms: 262.614639
  type: 'test'
  ...
# Subtest: genuine transparency needs no user-confirmed edit flag
ok 4 - genuine transparency needs no user-confirmed edit flag
  ---
  duration_ms: 225.461821
  type: 'test'
  ...
# Subtest: blank images, scenic rectangles, and stacked cells are not called clean cutouts
ok 5 - blank images, scenic rectangles, and stacked cells are not called clean cutouts
  ---
  duration_ms: 377.234685
  type: 'test'
  ...
# Subtest: new shared backgrounds use generated images, even if the model returns a local pattern
ok 6 - new shared backgrounds use generated images, even if the model returns a local pattern
  ---
  duration_ms: 243.606775
  type: 'test'
  ...
# Subtest: previous procedural art can be replaced with one image without regenerating the storyboard
ok 7 - previous procedural art can be replaced with one image without regenerating the storyboard
  ---
  duration_ms: 251.565305
  type: 'test'
  ...
# Subtest: unfinished image backgrounds are not counted as completed layered clips
ok 8 - unfinished image backgrounds are not counted as completed layered clips
  ---
  duration_ms: 239.022621
  type: 'test'
  ...
# (node:13) ExperimentalWarning: VM Modules is an experimental feature and might change at any time
# (Use `node --trace-warnings ...` to show where the warning was created)
# Subtest: one-click cutout opens directly on a transparent PNG draft and preserves original on save
ok 9 - one-click cutout opens directly on a transparent PNG draft and preserves original on save
  ---
  duration_ms: 387.622207
  type: 'test'
  ...
# Subtest: one-click cutout undo and cancel keep the paid source and do not save a mask
ok 10 - one-click cutout undo and cancel keep the paid source and do not save a mask
  ---
  duration_ms: 567.722793
  type: 'test'
  ...
# Subtest: explicit cutout removes panel outside white only and never describes it as recovered character
ok 11 - explicit cutout removes panel outside white only and never describes it as recovered character
  ---
  duration_ms: 447.496119
  type: 'test'
  ...
# Subtest: complex and empty backgrounds produce no destructive saved image
ok 12 - complex and empty backgrounds produce no destructive saved image
  ---
  duration_ms: 767.368484
  type: 'test'
  ...
# Subtest: preview trims a rectangular panel border but never zooms into a full-body transparent figure
ok 13 - preview trims a rectangular panel border but never zooms into a full-body transparent figure
  ---
  duration_ms: 918.360437
  type: 'test'
  ...
# Subtest: character, group background, motif, and inspector use the selected frame shape and provide cutout action
ok 14 - character, group background, motif, and inspector use the selected frame shape and provide cutout action
  ---
  duration_ms: 274.313884
  type: 'test'
  ...
# Subtest: real board thumbnail excludes picture padding without changing persisted image, shots or timing
ok 15 - real board thumbnail excludes picture padding without changing persisted image, shots or timing
  ---
  duration_ms: 430.789752
  type: 'test'
  ...
# Subtest: one-click never guesses a cell from a multi-panel sprite sheet
ok 16 - one-click never guesses a cell from a multi-panel sprite sheet
  ---
  duration_ms: 201.372947
  type: 'test'
  ...
# (node:14) ExperimentalWarning: VM Modules is an experimental feature and might change at any time
# (Use `node --trace-warnings ...` to show where the warning was created)
# Subtest: automatically prepared character can be downloaded directly while a prompt-only save keeps the source
ok 17 - automatically prepared character can be downloaded directly while a prompt-only save keeps the source
  ---
  duration_ms: 244.81638
  type: 'test'
  ...
# Subtest: editor selects the third of four panels before processing; saved PNG contains only blue pixels
ok 18 - editor selects the third of four panels before processing; saved PNG contains only blue pixels
  ---
  duration_ms: 216.961703
  type: 'test'
  ...
# Subtest: native editor erase, restore, undo and saved transparent PNG preserve original reference
ok 19 - native editor erase, restore, undo and saved transparent PNG preserve original reference
  ---
  duration_ms: 458.959949
  type: 'test'
  ...
# Subtest: free selection uses pointer coordinates after zoom and preserves a prompt-only draft on cancel
ok 20 - free selection uses pointer coordinates after zoom and preserves a prompt-only draft on cancel
  ---
  duration_ms: 241.108419
  type: 'test'
  ...
# Subtest: prompt-only save needs no image; reset returns the default without requesting a new image
ok 21 - prompt-only save needs no image; reset returns the default without requesting a new image
  ---
  duration_ms: 278.093665
  type: 'test'
  ...
# Subtest: transparent PNG import keeps its alpha and provides its own original for persistent storage
ok 22 - transparent PNG import keeps its alpha and provides its own original for persistent storage
  ---
  duration_ms: 262.218116
  type: 'test'
  ...
# Subtest: reopened cropped edit keeps saved pixels and can restore the full original
ok 23 - reopened cropped edit keeps saved pixels and can restore the full original
  ---
  duration_ms: 299.196071
  type: 'test'
  ...
# Subtest: mobile overview fits a long four-panel image and pan mode does not draw over it
ok 24 - mobile overview fits a long four-panel image and pan mode does not draw over it
  ---
  duration_ms: 275.370277
  type: 'test'
  ...
# Subtest: unsuitable opaque image is not marked as a transparent layer by one-click processing
ok 25 - unsuitable opaque image is not marked as a transparent layer by one-click processing
  ---
  duration_ms: 373.885337
  type: 'test'
  ...
# Subtest: playback never uses white-removal percentage to layer unconfirmed pictures
ok 26 - playback never uses white-removal percentage to layer unconfirmed pictures
  ---
  duration_ms: 743.926787
  type: 'test'
  ...
# (node:25) ExperimentalWarning: VM Modules is an experimental feature and might change at any time
# (Use `node --trace-warnings ...` to show where the warning was created)
# Subtest: four vertical panels: each selection is exactly one quarter, not another half
ok 27 - four vertical panels: each selection is exactly one quarter, not another half
  ---
  duration_ms: 198.446079
  type: 'test'
  ...
# Subtest: free crop handles reversed/invalid coordinates without sampling outside the image
ok 28 - free crop handles reversed/invalid coordinates without sampling outside the image
  ---
  duration_ms: 136.928851
  type: 'test'
  ...
# Subtest: automatic preview preserves enclosed white clothing even when its area is large
ok 29 - automatic preview preserves enclosed white clothing even when its area is large
  ---
  duration_ms: 146.620866
  type: 'test'
  ...
# Subtest: manual erase/restore fills fast strokes and restores original alpha and color
ok 30 - manual erase/restore fills fast strokes and restores original alpha and color
  ---
  duration_ms: 157.853312
  type: 'test'
  ...
# Subtest: saving prompt makes zero generation calls; redraw sends exactly that prompt without appended cast
ok 31 - saving prompt makes zero generation calls; redraw sends exactly that prompt without appended cast
  ---
  duration_ms: 285.863838
  type: 'test'
  ...
# Subtest: reset prompt recovers the unchanged default and never erases a saved picture
ok 32 - reset prompt recovers the unchanged default and never erases a saved picture
  ---
  duration_ms: 298.124606
  type: 'test'
  ...
# Subtest: manual transparent local image and original reference survive a fresh runtime
ok 33 - manual transparent local image and original reference survive a fresh runtime
  ---
  duration_ms: 552.717328
  type: 'test'
  ...
# Subtest: late generated picture cannot replace a manual cutout saved while drawing
ok 34 - late generated picture cannot replace a manual cutout saved while drawing
  ---
  duration_ms: 241.260232
  type: 'test'
  ...
# Subtest: an editor opened on an older picture cannot overwrite a newer picture or new storyboard
ok 35 - an editor opened on an older picture cannot overwrite a newer picture or new storyboard
  ---
  duration_ms: 477.04658
  type: 'test'
  ...
# Subtest: manual save in a different chat is held for the original scope
ok 36 - manual save in a different chat is held for the original scope
  ---
  duration_ms: 246.521842
  type: 'test'
  ...
# Subtest: manual save awaits failing metadata and keeps a recoverable result
ok 37 - manual save awaits failing metadata and keeps a recoverable result
  ---
  duration_ms: 313.593665
  type: 'test'
  ...
# Subtest: locally edited images are counted as drawn and never queued again by draw remaining
ok 38 - locally edited images are counted as drawn and never queued again by draw remaining
  ---
  duration_ms: 227.815933
  type: 'test'
  ...
# Subtest: editor integration commits unique media after durable blob writes and preserves an open draft across renders
ok 39 - editor integration commits unique media after durable blob writes and preserves an open draft across renders
  ---
  duration_ms: 295.282317
  type: 'test'
  ...
# Subtest: failed blob transaction leaves the previous picture and prompt intact
ok 40 - failed blob transaction leaves the previous picture and prompt intact
  ---
  duration_ms: 273.087666
  type: 'test'
  ...
# Subtest: v2 export waits for an edited local PNG before it starts recording
ok 41 - v2 export waits for an edited local PNG before it starts recording
  ---
  duration_ms: 345.996248
  type: 'test'
  ...
# (node:26) ExperimentalWarning: VM Modules is an experimental feature and might change at any time
# (Use `node --trace-warnings ...` to show where the warning was created)
# Subtest: legacy white-background motifs are real transparent sprites in preview without touching saved art
ok 42 - legacy white-background motifs are real transparent sprites in preview without touching saved art
  ---
  duration_ms: 240.44994
  type: 'test'
  ...
# Subtest: opaque white or patterned motifs are not pasted as rectangular decorations
ok 43 - opaque white or patterned motifs are not pasted as rectangular decorations
  ---
  duration_ms: 517.656811
  type: 'test'
  ...
# Subtest: true transparent white motifs retain their original colour and semi-transparent pixels
ok 44 - true transparent white motifs retain their original colour and semi-transparent pixels
  ---
  duration_ms: 295.552181
  type: 'test'
  ...
# Subtest: white snow on the contrasting default background keeps its white foreground
ok 45 - white snow on the contrasting default background keeps its white foreground
  ---
  duration_ms: 282.915547
  type: 'test'
  ...
# Subtest: enclosed white motif details stay opaque while the outside becomes transparent
ok 46 - enclosed white motif details stay opaque while the outside becomes transparent
  ---
  duration_ms: 276.119133
  type: 'test'
  ...
# Subtest: motif background processing is not applied to a full-scene white character picture
ok 47 - motif background processing is not applied to a full-scene white character picture
  ---
  duration_ms: 302.467831
  type: 'test'
  ...
# Subtest: redrawing or importing a new motif invalidates the old prepared sprite
ok 48 - redrawing or importing a new motif invalidates the old prepared sprite
  ---
  duration_ms: 257.457701
  type: 'test'
  ...
# Subtest: canvas read failure skips only the motif and does not fall back to its opaque original
ok 49 - canvas read failure skips only the motif and does not fall back to its opaque original
  ---
  duration_ms: 183.608034
  type: 'test'
  ...
# Subtest: preview and video export use the same transparent motif pixels
ok 50 - preview and video export use the same transparent motif pixels
  ---
  duration_ms: 223.231218
  type: 'test'
  ...
# Subtest: only the default motif recipe changes; white motifs use contrast and custom prompts remain verbatim
ok 51 - only the default motif recipe changes; white motifs use contrast and custom prompts remain verbatim
  ---
  duration_ms: 223.760822
  type: 'test'
  ...
# Subtest: motif editor opens with the prepared pixels and saves a real PNG while preserving its original
ok 52 - motif editor opens with the prepared pixels and saves a real PNG while preserving its original
  ---
  duration_ms: 191.433775
  type: 'test'
  ...
# Subtest: motif editor can undo background processing and manually restore white details
ok 53 - motif editor can undo background processing and manually restore white details
  ---
  duration_ms: 228.266494
  type: 'test'
  ...
# Subtest: motif editor does not erase an unrecognizable background or call an empty image a cutout
ok 54 - motif editor does not erase an unrecognizable background or call an empty image a cutout
  ---
  duration_ms: 191.536326
  type: 'test'
  ...
# Subtest: outer anti-aliased colour is unmixed from white without changing the input or enclosed white
ok 55 - outer anti-aliased colour is unmixed from white without changing the input or enclosed white
  ---
  duration_ms: 188.066013
  type: 'test'
  ...
# (node:32) ExperimentalWarning: VM Modules is an experimental feature and might change at any time
# (Use `node --trace-warnings ...` to show where the warning was created)
# Subtest: saving an MV prompt returns to its picture without changing images or generating
ok 56 - saving an MV prompt returns to its picture without changing images or generating
  ---
  duration_ms: 233.231078
  type: 'test'
  ...
# Subtest: toolbar returns from material editor to the same picture and leaves unsaved prompt unchanged
ok 57 - toolbar returns from material editor to the same picture and leaves unsaved prompt unchanged
  ---
  duration_ms: 191.21734
  type: 'test'
  ...
# Subtest: same-page image completion rerenders keep the current scroll position
ok 58 - same-page image completion rerenders keep the current scroll position
  ---
  duration_ms: 208.326732
  type: 'test'
  ...
# Subtest: preview and timing return one level at a time, restoring each parent position
ok 59 - preview and timing return one level at a time, restoring each parent position
  ---
  duration_ms: 210.845943
  type: 'test'
  ...
# Subtest: page-local return works through the overlay click dispatcher without exiting to interactions
ok 60 - page-local return works through the overlay click dispatcher without exiting to interactions
  ---
  duration_ms: 248.213721
  type: 'test'
  ...
# Subtest: old editor callbacks cannot restore the previous song page after leaving and reopening
ok 61 - old editor callbacks cannot restore the previous song page after leaving and reopening
  ---
  duration_ms: 215.035145
  type: 'test'
  ...
# Subtest: picture anchor, expanded inspection and horizontal thumbnails survive changed layout
ok 62 - picture anchor, expanded inspection and horizontal thumbnails survive changed layout
  ---
  duration_ms: 214.625748
  type: 'test'
  ...
# Subtest: completed timing navigation does not make a preview/timing back loop
ok 63 - completed timing navigation does not make a preview/timing back loop
  ---
  duration_ms: 233.921671
  type: 'test'
  ...
# Subtest: preserving page state never reverses an explicit inspection expand/collapse click
ok 64 - preserving page state never reverses an explicit inspection expand/collapse click
  ---
  duration_ms: 219.27087
  type: 'test'
  ...
# Subtest: closed editor callbacks cannot dismiss a newer editor in the same song
ok 65 - closed editor callbacks cannot dismiss a newer editor in the same song
  ---
  duration_ms: 244.123159
  type: 'test'
  ...
# Subtest: rapid repeated edit clicks still return once to the original picture
ok 66 - rapid repeated edit clicks still return once to the original picture
  ---
  duration_ms: 220.905449
  type: 'test'
  ...
# Subtest: the first successful storyboard becomes the root instead of returning to the generate wizard
ok 67 - the first successful storyboard becomes the root instead of returning to the generate wizard
  ---
  duration_ms: 250.892608
  type: 'test'
  ...
# Subtest: pending save keeps the editor open and still allows returning without losing the original picture
ok 68 - pending save keeps the editor open and still allows returning without losing the original picture
  ---
  duration_ms: 312.698302
  type: 'test'
  ...
# Subtest: album thumbnails have no rabbit menu but retain memory and detail image actions
ok 69 - album thumbnails have no rabbit menu but retain memory and detail image actions
  ---
  duration_ms: 221.03044
  type: 'test'
  ...
# Subtest: album detail has a local return and toolbar returns to the scrolled album
ok 70 - album detail has a local return and toolbar returns to the scrolled album
  ---
  duration_ms: 244.114442
  type: 'test'
  ...
# Subtest: read-only album hides write actions and a different album cannot inherit the return position
ok 71 - read-only album hides write actions and a different album cannot inherit the return position
  ---
  duration_ms: 238.064477
  type: 'test'
  ...
# (node:33) ExperimentalWarning: VM Modules is an experimental feature and might change at any time
# (Use `node --trace-warnings ...` to show where the warning was created)
# Subtest: 16:9: BaiBai receives the selected orientation for shared poses, scene assets and redraws
ok 72 - 16:9: BaiBai receives the selected orientation for shared poses, scene assets and redraws
  ---
  duration_ms: 246.280848
  type: 'test'
  ...
# Subtest: 16:9: non-stage cutout assets and complete manual prompts retain the selected orientation
ok 73 - 16:9: non-stage cutout assets and complete manual prompts retain the selected orientation
  ---
  duration_ms: 229.499835
  type: 'test'
  ...
# Subtest: 9:16: BaiBai receives the selected orientation for shared poses, scene assets and redraws
ok 74 - 9:16: BaiBai receives the selected orientation for shared poses, scene assets and redraws
  ---
  duration_ms: 263.240796
  type: 'test'
  ...
# Subtest: 9:16: non-stage cutout assets and complete manual prompts retain the selected orientation
ok 75 - 9:16: non-stage cutout assets and complete manual prompts retain the selected orientation
  ---
  duration_ms: 234.007666
  type: 'test'
  ...
# Subtest: Chatu8 novelai: MV swaps a portrait size only for this horizontal request
ok 76 - Chatu8 novelai: MV swaps a portrait size only for this horizontal request
  ---
  duration_ms: 271.593318
  type: 'test'
  ...
# Subtest: Chatu8 sd: MV swaps a portrait size only for this horizontal request
ok 77 - Chatu8 sd: MV swaps a portrait size only for this horizontal request
  ---
  duration_ms: 243.174708
  type: 'test'
  ...
# Subtest: Chatu8 comfyui: MV swaps a portrait size only for this horizontal request
ok 78 - Chatu8 comfyui: MV swaps a portrait size only for this horizontal request
  ---
  duration_ms: 251.105492
  type: 'test'
  ...
# Subtest: ordinary Chatu8 CG requests retain provider sizes and MV square settings get an oriented request
ok 79 - ordinary Chatu8 CG requests retain provider sizes and MV square settings get an oriented request
  ---
  duration_ms: 267.252624
  type: 'test'
  ...
# Subtest: automatic provider fallback carries the MV orientation to Chatu8
ok 80 - automatic provider fallback carries the MV orientation to Chatu8
  ---
  duration_ms: 236.074064
  type: 'test'
  ...
# Subtest: Chatu8 missing size fields still permit MV generation without changing settings
ok 81 - Chatu8 missing size fields still permit MV generation without changing settings
  ---
  duration_ms: 1249.976589
  type: 'test'
  ...
# Subtest: legacy standalone frames honor the orientation and motif generation keeps its existing contract
ok 82 - legacy standalone frames honor the orientation and motif generation keeps its existing contract
  ---
  duration_ms: 532.762861
  type: 'test'
  ...
# Subtest: horizontal board thumbnails include a wide shape while vertical boards keep portrait tiles
ok 83 - horizontal board thumbnails include a wide shape while vertical boards keep portrait tiles
  ---
  duration_ms: 322.911511
  type: 'test'
  ...
# Subtest: choosing horizontal in setup persists through storyboard generation and drawing the remaining images
ok 84 - choosing horizontal in setup persists through storyboard generation and drawing the remaining images
  ---
  duration_ms: 304.013332
  type: 'test'
  ...
1..84
# tests 84
# suites 0
# pass 84
# fail 0
# cancelled 0
# skipped 0
# todo 0
# duration_ms 4899.073407
