TAP version 13
# Subtest: editor selects the third of four panels before processing; saved PNG contains only blue pixels
ok 1 - editor selects the third of four panels before processing; saved PNG contains only blue pixels
  ---
  duration_ms: 131.955107
  type: 'test'
  ...
# Subtest: native editor erase, restore, undo and saved transparent PNG preserve original reference
ok 2 - native editor erase, restore, undo and saved transparent PNG preserve original reference
  ---
  duration_ms: 131.365479
  type: 'test'
  ...
# Subtest: free selection uses pointer coordinates after zoom and preserves a prompt-only draft on cancel
ok 3 - free selection uses pointer coordinates after zoom and preserves a prompt-only draft on cancel
  ---
  duration_ms: 118.019167
  type: 'test'
  ...
# Subtest: prompt-only save needs no image; reset returns the default without requesting a new image
ok 4 - prompt-only save needs no image; reset returns the default without requesting a new image
  ---
  duration_ms: 98.012469
  type: 'test'
  ...
# Subtest: transparent PNG import keeps its alpha and provides its own original for persistent storage
ok 5 - transparent PNG import keeps its alpha and provides its own original for persistent storage
  ---
  duration_ms: 110.773926
  type: 'test'
  ...
# Subtest: reopened cropped edit keeps saved pixels and can restore the full original
ok 6 - reopened cropped edit keeps saved pixels and can restore the full original
  ---
  duration_ms: 99.553447
  type: 'test'
  ...
# Subtest: mobile overview fits a long four-panel image and pan mode does not draw over it
ok 7 - mobile overview fits a long four-panel image and pan mode does not draw over it
  ---
  duration_ms: 110.88517
  type: 'test'
  ...
# Subtest: undo restores the layer choice even when the preview removed zero pixels
ok 8 - undo restores the layer choice even when the preview removed zero pixels
  ---
  duration_ms: 112.356087
  type: 'test'
  ...
# Subtest: playback never uses white-removal percentage to layer unconfirmed pictures
ok 9 - playback never uses white-removal percentage to layer unconfirmed pictures
  ---
  duration_ms: 304.290838
  type: 'test'
  ...
1..9
# tests 9
# suites 0
# pass 9
# fail 0
# cancelled 0
# skipped 0
# todo 0
# duration_ms 1232.413575
(node:26) ExperimentalWarning: VM Modules is an experimental feature and might change at any time
(Use `node --trace-warnings ...` to show where the warning was created)
