TAP version 13
# (node:12) ExperimentalWarning: VM Modules is an experimental feature and might change at any time
# (Use `node --trace-warnings ...` to show where the warning was created)
# Subtest: uniform 255 character matte is removed automatically, enclosed white clothing remains
ok 1 - uniform 255 character matte is removed automatically, enclosed white clothing remains
  ---
  duration_ms: 216.472366
  type: 'test'
  ...
# Subtest: uniform 235 character matte is removed automatically, enclosed white clothing remains
ok 2 - uniform 235 character matte is removed automatically, enclosed white clothing remains
  ---
  duration_ms: 180.371901
  type: 'test'
  ...
# Subtest: uniform 205 character matte is removed automatically, enclosed white clothing remains
ok 3 - uniform 205 character matte is removed automatically, enclosed white clothing remains
  ---
  duration_ms: 175.541729
  type: 'test'
  ...
# Subtest: genuine transparency needs no user-confirmed edit flag
ok 4 - genuine transparency needs no user-confirmed edit flag
  ---
  duration_ms: 167.796506
  type: 'test'
  ...
# Subtest: blank images, scenic rectangles, and stacked cells are not called clean cutouts
ok 5 - blank images, scenic rectangles, and stacked cells are not called clean cutouts
  ---
  duration_ms: 275.278675
  type: 'test'
  ...
# Subtest: new shared backgrounds use generated images, even if the model returns a local pattern
ok 6 - new shared backgrounds use generated images, even if the model returns a local pattern
  ---
  duration_ms: 170.429129
  type: 'test'
  ...
# Subtest: previous procedural art can be replaced with one image without regenerating the storyboard
ok 7 - previous procedural art can be replaced with one image without regenerating the storyboard
  ---
  duration_ms: 183.252967
  type: 'test'
  ...
# Subtest: unfinished image backgrounds are not counted as completed layered clips
ok 8 - unfinished image backgrounds are not counted as completed layered clips
  ---
  duration_ms: 184.593055
  type: 'test'
  ...
# (node:13) ExperimentalWarning: VM Modules is an experimental feature and might change at any time
# (Use `node --trace-warnings ...` to show where the warning was created)
# Subtest: 16:9: BaiBai receives the selected orientation for shared poses, scene assets and redraws
ok 9 - 16:9: BaiBai receives the selected orientation for shared poses, scene assets and redraws
  ---
  duration_ms: 213.611609
  type: 'test'
  ...
# Subtest: 16:9: non-stage cutout assets and complete manual prompts retain the selected orientation
ok 10 - 16:9: non-stage cutout assets and complete manual prompts retain the selected orientation
  ---
  duration_ms: 191.846972
  type: 'test'
  ...
# Subtest: 9:16: BaiBai receives the selected orientation for shared poses, scene assets and redraws
ok 11 - 9:16: BaiBai receives the selected orientation for shared poses, scene assets and redraws
  ---
  duration_ms: 194.944927
  type: 'test'
  ...
# Subtest: 9:16: non-stage cutout assets and complete manual prompts retain the selected orientation
ok 12 - 9:16: non-stage cutout assets and complete manual prompts retain the selected orientation
  ---
  duration_ms: 194.954963
  type: 'test'
  ...
# Subtest: Chatu8 novelai: MV swaps a portrait size only for this horizontal request
ok 13 - Chatu8 novelai: MV swaps a portrait size only for this horizontal request
  ---
  duration_ms: 210.938968
  type: 'test'
  ...
# Subtest: Chatu8 sd: MV swaps a portrait size only for this horizontal request
ok 14 - Chatu8 sd: MV swaps a portrait size only for this horizontal request
  ---
  duration_ms: 192.325771
  type: 'test'
  ...
# Subtest: Chatu8 comfyui: MV swaps a portrait size only for this horizontal request
ok 15 - Chatu8 comfyui: MV swaps a portrait size only for this horizontal request
  ---
  duration_ms: 190.323978
  type: 'test'
  ...
# Subtest: ordinary Chatu8 CG requests retain provider sizes and MV square settings get an oriented request
ok 16 - ordinary Chatu8 CG requests retain provider sizes and MV square settings get an oriented request
  ---
  duration_ms: 230.79133
  type: 'test'
  ...
# Subtest: automatic provider fallback carries the MV orientation to Chatu8
ok 17 - automatic provider fallback carries the MV orientation to Chatu8
  ---
  duration_ms: 158.362015
  type: 'test'
  ...
# Subtest: Chatu8 missing size fields still permit MV generation without changing settings
ok 18 - Chatu8 missing size fields still permit MV generation without changing settings
  ---
  duration_ms: 807.213968
  type: 'test'
  ...
# Subtest: legacy standalone frames honor the orientation and motif generation keeps its existing contract
ok 19 - legacy standalone frames honor the orientation and motif generation keeps its existing contract
  ---
  duration_ms: 326.847591
  type: 'test'
  ...
# Subtest: horizontal board thumbnails include a wide shape while vertical boards keep portrait tiles
ok 20 - horizontal board thumbnails include a wide shape while vertical boards keep portrait tiles
  ---
  duration_ms: 177.217804
  type: 'test'
  ...
# Subtest: choosing horizontal in setup persists through storyboard generation and drawing the remaining images
ok 21 - choosing horizontal in setup persists through storyboard generation and drawing the remaining images
  ---
  duration_ms: 204.386656
  type: 'test'
  ...
1..21
# tests 21
# suites 0
# pass 21
# fail 0
# cancelled 0
# skipped 0
# todo 0
# duration_ms 3551.597739
