TAP version 13
# (node:12) ExperimentalWarning: VM Modules is an experimental feature and might change at any time
# (Use `node --trace-warnings ...` to show where the warning was created)
# Subtest: save-and-next only advances after the actual save succeeds
ok 1 - save-and-next only advances after the actual save succeeds
  ---
  duration_ms: 152.308231
  type: 'test'
  ...
# Subtest: pending or failed image save keeps the editor and never opens the next shot
ok 2 - pending or failed image save keeps the editor and never opens the next shot
  ---
  duration_ms: 230.717378
  type: 'test'
  ...
# Subtest: original comparison cannot paint over pixels and returning to a brush restores crop geometry
ok 3 - original comparison cannot paint over pixels and returning to a brush restores crop geometry
  ---
  duration_ms: 109.381867
  type: 'test'
  ...
# Subtest: canvas fit respects its own remaining space and still supports zoom and grid selection
ok 4 - canvas fit respects its own remaining space and still supports zoom and grid selection
  ---
  duration_ms: 106.940656
  type: 'test'
  ...
# Subtest: automatically prepared character can be downloaded directly while a prompt-only save keeps the source
ok 5 - automatically prepared character can be downloaded directly while a prompt-only save keeps the source
  ---
  duration_ms: 139.016631
  type: 'test'
  ...
# Subtest: editor selects the third of four panels before processing; saved PNG contains only blue pixels
ok 6 - editor selects the third of four panels before processing; saved PNG contains only blue pixels
  ---
  duration_ms: 118.066697
  type: 'test'
  ...
# Subtest: native editor erase, restore, undo and saved transparent PNG preserve original reference
ok 7 - native editor erase, restore, undo and saved transparent PNG preserve original reference
  ---
  duration_ms: 132.834041
  type: 'test'
  ...
# Subtest: free selection uses pointer coordinates after zoom and preserves a prompt-only draft on cancel
ok 8 - free selection uses pointer coordinates after zoom and preserves a prompt-only draft on cancel
  ---
  duration_ms: 108.648088
  type: 'test'
  ...
# Subtest: prompt-only save needs no image; reset returns the default without requesting a new image
ok 9 - prompt-only save needs no image; reset returns the default without requesting a new image
  ---
  duration_ms: 102.365079
  type: 'test'
  ...
# Subtest: transparent PNG import keeps its alpha and provides its own original for persistent storage
ok 10 - transparent PNG import keeps its alpha and provides its own original for persistent storage
  ---
  duration_ms: 106.817072
  type: 'test'
  ...
# Subtest: reopened cropped edit keeps saved pixels and can restore the full original
ok 11 - reopened cropped edit keeps saved pixels and can restore the full original
  ---
  duration_ms: 110.797406
  type: 'test'
  ...
# Subtest: mobile overview fits a long four-panel image and pan mode does not draw over it
ok 12 - mobile overview fits a long four-panel image and pan mode does not draw over it
  ---
  duration_ms: 120.099754
  type: 'test'
  ...
# Subtest: unsuitable opaque image is not marked as a transparent layer by one-click processing
ok 13 - unsuitable opaque image is not marked as a transparent layer by one-click processing
  ---
  duration_ms: 196.946644
  type: 'test'
  ...
# Subtest: playback never uses white-removal percentage to layer unconfirmed pictures
ok 14 - playback never uses white-removal percentage to layer unconfirmed pictures
  ---
  duration_ms: 301.201916
  type: 'test'
  ...
# (node:14) ExperimentalWarning: VM Modules is an experimental feature and might change at any time
# (Use `node --trace-warnings ...` to show where the warning was created)
# Subtest: each production tool panel scrolls independently with timing and navigation outside that scroll
ok 15 - each production tool panel scrolls independently with timing and navigation outside that scroll
  ---
  duration_ms: 285.734275
  type: 'test'
  ...
# Subtest: image save controls are outside the scroll area and the canvas is in its own viewport
ok 16 - image save controls are outside the scroll area and the canvas is in its own viewport
  ---
  duration_ms: 171.316213
  type: 'test'
  ...
# Subtest: editor CSS is scoped, balanced and retains paging without requiring container-query support
ok 17 - editor CSS is scoped, balanced and retains paging without requiring container-query support
  ---
  duration_ms: 100.455987
  type: 'test'
  ...
# (node:19) ExperimentalWarning: VM Modules is an experimental feature and might change at any time
# (Use `node --trace-warnings ...` to show where the warning was created)
# Subtest: production editor has bounded workbench, independent tools scroll and a single top music entry
ok 18 - production editor has bounded workbench, independent tools scroll and a single top music entry
  ---
  duration_ms: 114.183439
  type: 'test'
  ...
# Subtest: preview-only mode and shot stepping preserve all images and timing and keep one clock
ok 19 - preview-only mode and shot stepping preserve all images and timing and keep one clock
  ---
  duration_ms: 111.931298
  type: 'test'
  ...
# Subtest: shared material editor supplies save-and-next and returns directly to the workbench
ok 20 - shared material editor supplies save-and-next and returns directly to the workbench
  ---
  duration_ms: 121.85355
  type: 'test'
  ...
# Subtest: a single-shot replacement opens its own image editor and saves without changing the shared image or prompts
ok 21 - a single-shot replacement opens its own image editor and saves without changing the shared image or prompts
  ---
  duration_ms: 121.437258
  type: 'test'
  ...
# Subtest: production image editor markup contains the canvas before local tool panes and permanent save actions
ok 22 - production image editor markup contains the canvas before local tool panes and permanent save actions
  ---
  duration_ms: 104.71179
  type: 'test'
  ...
# Subtest: a workspace route replacement releases editor-specific body scrolling and its observer
ok 23 - a workspace route replacement releases editor-specific body scrolling and its observer
  ---
  duration_ms: 110.009798
  type: 'test'
  ...
# Subtest: panel position survives its own setting redraw but does not leak into another tab
ok 24 - panel position survives its own setting redraw but does not leak into another tab
  ---
  duration_ms: 113.471923
  type: 'test'
  ...
# (node:25) ExperimentalWarning: VM Modules is an experimental feature and might change at any time
# (Use `node --trace-warnings ...` to show where the warning was created)
# Subtest: three pending results have one compact editor entry and every save-only action remains in its drawer
ok 25 - three pending results have one compact editor entry and every save-only action remains in its drawer
  ---
  duration_ms: 111.454341
  type: 'test'
  ...
# Subtest: a short filmstrip has no disabled page row while long projects keep every page reachable
ok 26 - a short filmstrip has no disabled page row while long projects keep every page reachable
  ---
  duration_ms: 137.434104
  type: 'test'
  ...
# Subtest: small host viewports have a scroll escape and a non-collapsing canvas instead of a forty-pixel minimum
ok 27 - small host viewports have a scroll escape and a non-collapsing canvas instead of a forty-pixel minimum
  ---
  duration_ms: 92.79186
  type: 'test'
  ...
1..27
# tests 27
# suites 0
# pass 27
# fail 0
# cancelled 0
# skipped 0
# todo 0
# duration_ms 2408.506208
