TAP version 13
# Test file: mv-framing-paths-regression.mjs
(node:8) ExperimentalWarning: VM Modules is an experimental feature and might change at any time
(Use `node --trace-warnings ...` to show where the warning was created)
# Subtest: detail framing reaches full group layer
ok 1 - detail framing reaches full group layer
  ---
  duration_ms: 356.818618
  type: 'test'
  ...
# Subtest: detail framing reaches asset explicitly kept as a full image
ok 2 - detail framing reaches asset explicitly kept as a full image
  ---
  duration_ms: 304.787084
  type: 'test'
  ...
# Subtest: detail framing reaches opaque cutout needing editor fallback
ok 3 - detail framing reaches opaque cutout needing editor fallback
  ---
  duration_ms: 322.689162
  type: 'test'
  ...
# Subtest: detail framing reaches per-shot full-image override
ok 4 - detail framing reaches per-shot full-image override
  ---
  duration_ms: 279.718713
  type: 'test'
  ...
# Subtest: detail framing reaches non-expression legacy group without a stage
ok 5 - detail framing reaches non-expression legacy group without a stage
  ---
  duration_ms: 333.96944
  type: 'test'
  ...
# Subtest: detail framing reaches legacy per-shot image without a stage
ok 6 - detail framing reaches legacy per-shot image without a stage
  ---
  duration_ms: 432.00408
  type: 'test'
  ...
# Subtest: detail metadata recognizes 脸部极度特写 in 16:9
ok 7 - detail metadata recognizes 脸部极度特写 in 16:9
  ---
  duration_ms: 485.139349
  type: 'test'
  ...
# Subtest: detail metadata recognizes legacy characterPrompt in 16:9
ok 8 - detail metadata recognizes legacy characterPrompt in 16:9
  ---
  duration_ms: 494.210852
  type: 'test'
  ...
# Subtest: detail metadata recognizes 脸部极度特写 in 9:16
ok 9 - detail metadata recognizes 脸部极度特写 in 9:16
  ---
  duration_ms: 448.399402
  type: 'test'
  ...
# Subtest: detail metadata recognizes legacy characterPrompt in 9:16
ok 10 - detail metadata recognizes legacy characterPrompt in 9:16
  ---
  duration_ms: 457.823685
  type: 'test'
  ...
# Subtest: local framing recognizes hands-only cast with a medium scale
ok 11 - local framing recognizes hands-only cast with a medium scale
  ---
  duration_ms: 506.169184
  type: 'test'
  ...
# Subtest: local framing recognizes detail cue stored only in diff.change
ok 12 - local framing recognizes detail cue stored only in diff.change
  ---
  duration_ms: 463.046463
  type: 'test'
  ...
# Subtest: local framing recognizes face close-up stored only in the shot imagePrompt
ok 13 - local framing recognizes face close-up stored only in the shot imagePrompt
  ---
  duration_ms: 619.516607
  type: 'test'
  ...
# Subtest: a legacy V1 shot preserves its complete local image
ok 14 - a legacy V1 shot preserves its complete local image
  ---
  duration_ms: 443.350867
  type: 'test'
  ...
# Subtest: a non-stage single-shot image retains its original background and does not acquire automatic cutout
ok 15 - a non-stage single-shot image retains its original background and does not acquire automatic cutout
  ---
  duration_ms: 523.35929
  type: 'test'
  ...
# Subtest: export waits for the local background exposed by a full detail insert and matches preview pixels
ok 16 - export waits for the local background exposed by a full detail insert and matches preview pixels
  ---
  duration_ms: 478.01485
  type: 'test'
  ...
# Subtest: a manually selected right cell retains both ends in full mode
ok 17 - a manually selected right cell retains both ends in full mode
  ---
  duration_ms: 435.440933
  type: 'test'
  ...
# Subtest: a manually selected right cell retains both ends in cutout mode
ok 18 - a manually selected right cell retains both ends in cutout mode
  ---
  duration_ms: 464.625857
  type: 'test'
  ...
# Subtest: an opaque full scene at its original aspect ratio retains its original composition
ok 19 - an opaque full scene at its original aspect ratio retains its original composition
  ---
  duration_ms: 469.95702
  type: 'test'
  ...
# Subtest: full stage actor mentioning hands remains a standing actor
ok 20 - full stage actor mentioning hands remains a standing actor
  ---
  duration_ms: 460.404405
  type: 'test'
  ...
# Subtest: medium stage actor mentioning hands remains a standing actor
ok 21 - medium stage actor mentioning hands remains a standing actor
  ---
  duration_ms: 689.036604
  type: 'test'
  ...
# Test file: mv-editor-framing-regression.mjs
(node:9) ExperimentalWarning: VM Modules is an experimental feature and might change at any time
(Use `node --trace-warnings ...` to show where the warning was created)
# Subtest: local detail keeps both edges and source proportions in 16:9
ok 22 - local detail keeps both edges and source proportions in 16:9
  ---
  duration_ms: 360.148657
  type: 'test'
  ...
# Subtest: local detail keeps both edges and source proportions in 9:16
ok 23 - local detail keeps both edges and source proportions in 9:16
  ---
  duration_ms: 298.365672
  type: 'test'
  ...
# Subtest: seeking follows the visible shot and its editor without replacing the player or saved data
ok 24 - seeking follows the visible shot and its editor without replacing the player or saved data
  ---
  duration_ms: 258.581942
  type: 'test'
  ...
# Subtest: seeking follows later thumbnail pages but keeps a focused edit field intact
ok 25 - seeking follows later thumbnail pages but keeps a focused edit field intact
  ---
  duration_ms: 250.542892
  type: 'test'
  ...
# Subtest: audio-free playback follows the actual clock across shots without rebuilding the player
ok 26 - audio-free playback follows the actual clock across shots without rebuilding the player
  ---
  duration_ms: 230.157807
  type: 'test'
  ...
# Test file: mv-editor-workspace-regression.mjs
(node:11) ExperimentalWarning: VM Modules is an experimental feature and might change at any time
(Use `node --trace-warnings ...` to show where the warning was created)
# Subtest: completed old story opens directly into the responsive editor with no saved-data writes or generation
ok 27 - completed old story opens directly into the responsive editor with no saved-data writes or generation
  ---
  duration_ms: 222.411442
  type: 'test'
  ...
# Subtest: material groups stay folded and perform no character processing until explicitly inspected
ok 28 - material groups stay folded and perform no character processing until explicitly inspected
  ---
  duration_ms: 254.147002
  type: 'test'
  ...
# Subtest: filmstrip windows are navigation only and preserve all 40 saved/generated shots
ok 29 - filmstrip windows are navigation only and preserve all 40 saved/generated shots
  ---
  duration_ms: 245.525025
  type: 'test'
  ...
# Subtest: image editing and one-click cutout open the existing full-featured editor with original references
ok 30 - image editing and one-click cutout open the existing full-featured editor with original references
  ---
  duration_ms: 256.432796
  type: 'test'
  ...
# Subtest: a per-shot imported picture is not mislabeled as editing a different shared material
ok 31 - a per-shot imported picture is not mislabeled as editing a different shared material
  ---
  duration_ms: 235.533718
  type: 'test'
  ...
# Subtest: look tab retains title/outro timing, fonts, templates, range, stage lyrics and both overlay switches
ok 32 - look tab retains title/outro timing, fonts, templates, range, stage lyrics and both overlay switches
  ---
  duration_ms: 255.919591
  type: 'test'
  ...
# Subtest: timing shares one player, and selecting a section or line neither seeks nor writes
ok 33 - timing shares one player, and selecting a section or line neither seeks nor writes
  ---
  duration_ms: 420.092592
  type: 'test'
  ...
# Subtest: zero-second section and line marks work, automatic advance and exact undo share one history
ok 34 - zero-second section and line marks work, automatic advance and exact undo share one history
  ---
  duration_ms: 187.37279
  type: 'test'
  ...
# Subtest: line correction, tenths nudging and reset undo restore previous saved timing rather than deleting it
ok 35 - line correction, tenths nudging and reset undo restore previous saved timing rather than deleting it
  ---
  duration_ms: 179.302478
  type: 'test'
  ...
# Subtest: manual section correction respects the old global shift and stays selected with auto-next off
ok 36 - manual section correction respects the old global shift and stays selected with auto-next off
  ---
  duration_ms: 251.781826
  type: 'test'
  ...
# Subtest: the old timing route also permits selecting and marking a line without resetting to section mode
ok 37 - the old timing route also permits selecting and marking a line without resetting to section mode
  ---
  duration_ms: 200.827017
  type: 'test'
  ...
# Subtest: finished timing can reopen for correction, and null marks are never counted as zero
ok 38 - finished timing can reopen for correction, and null marks are never counted as zero
  ---
  duration_ms: 200.22745
  type: 'test'
  ...
# Subtest: more panel preserves material library, subtitle/time-table download and recovery backup
ok 39 - more panel preserves material library, subtitle/time-table download and recovery backup
  ---
  duration_ms: 192.980961
  type: 'test'
  ...
# Subtest: WebView capability fallback retains recording and local audio import without new platform APIs
ok 40 - WebView capability fallback retains recording and local audio import without new platform APIs
  ---
  duration_ms: 218.139102
  type: 'test'
  ...
(node:118) ExperimentalWarning: VM Modules is an experimental feature and might change at any time
(Use `node --trace-warnings ...` to show where the warning was created)
# Subtest: queued image completion is cancelled on close and cannot redraw an old song
ok 41 - queued image completion is cancelled on close and cannot redraw an old song
  ---
  duration_ms: 215.879704
  type: 'test'
  ...
# Subtest: light/dark colors, container/mobile fallbacks and native range keyboard input remain in editor CSS
ok 42 - light/dark colors, container/mobile fallbacks and native range keyboard input remain in editor CSS
  ---
  duration_ms: 193.668467
  type: 'test'
  ...
# Subtest: desktop keyboard switches tabs and closes a dialog without invoking the outer back action
ok 43 - desktop keyboard switches tabs and closes a dialog without invoking the outer back action
  ---
  duration_ms: 212.516483
  type: 'test'
  ...
# Subtest: native large-image cold open prepares only the visible frame and never encodes whole-image PNG previews
ok 44 - native large-image cold open prepares only the visible frame and never encodes whole-image PNG previews
  ---
  duration_ms: 2562.225867
  type: 'test'
  ...
# Test file: mv-editor-native-regression.mjs
(node:13) ExperimentalWarning: VM Modules is an experimental feature and might change at any time
(Use `node --trace-warnings ...` to show where the warning was created)
# Subtest: automatically prepared character can be downloaded directly while a prompt-only save keeps the source
ok 45 - automatically prepared character can be downloaded directly while a prompt-only save keeps the source
  ---
  duration_ms: 190.60404
  type: 'test'
  ...
# Subtest: editor selects the third of four panels before processing; saved PNG contains only blue pixels
ok 46 - editor selects the third of four panels before processing; saved PNG contains only blue pixels
  ---
  duration_ms: 158.17658
  type: 'test'
  ...
# Subtest: native editor erase, restore, undo and saved transparent PNG preserve original reference
ok 47 - native editor erase, restore, undo and saved transparent PNG preserve original reference
  ---
  duration_ms: 177.540042
  type: 'test'
  ...
# Subtest: free selection uses pointer coordinates after zoom and preserves a prompt-only draft on cancel
ok 48 - free selection uses pointer coordinates after zoom and preserves a prompt-only draft on cancel
  ---
  duration_ms: 176.928333
  type: 'test'
  ...
# Subtest: prompt-only save needs no image; reset returns the default without requesting a new image
ok 49 - prompt-only save needs no image; reset returns the default without requesting a new image
  ---
  duration_ms: 171.430971
  type: 'test'
  ...
# Subtest: transparent PNG import keeps its alpha and provides its own original for persistent storage
ok 50 - transparent PNG import keeps its alpha and provides its own original for persistent storage
  ---
  duration_ms: 185.136787
  type: 'test'
  ...
# Subtest: reopened cropped edit keeps saved pixels and can restore the full original
ok 51 - reopened cropped edit keeps saved pixels and can restore the full original
  ---
  duration_ms: 202.776632
  type: 'test'
  ...
# Subtest: mobile overview fits a long four-panel image and pan mode does not draw over it
ok 52 - mobile overview fits a long four-panel image and pan mode does not draw over it
  ---
  duration_ms: 216.217257
  type: 'test'
  ...
# Subtest: unsuitable opaque image is not marked as a transparent layer by one-click processing
ok 53 - unsuitable opaque image is not marked as a transparent layer by one-click processing
  ---
  duration_ms: 214.427214
  type: 'test'
  ...
# Subtest: playback never uses white-removal percentage to layer unconfirmed pictures
ok 54 - playback never uses white-removal percentage to layer unconfirmed pictures
  ---
  duration_ms: 412.587636
  type: 'test'
  ...
# Test file: mv-composite-regression.mjs
(node:78) ExperimentalWarning: VM Modules is an experimental feature and might change at any time
(Use `node --trace-warnings ...` to show where the warning was created)
# Subtest: interior arm matte is cleared while the central white garment, eyes and original stay intact
ok 55 - interior arm matte is cleared while the central white garment, eyes and original stay intact
  ---
  duration_ms: 467.96682
  type: 'test'
  ...
# Subtest: explicit cleanup continues an old transparent edit, is repeatable, and never rekeys playback alpha
ok 56 - explicit cleanup continues an old transparent edit, is repeatable, and never rekeys playback alpha
  ---
  duration_ms: 464.892736
  type: 'test'
  ...
# Subtest: point removal affects only the chosen connected region and can be undone before PNG save
ok 57 - point removal affects only the chosen connected region and can be undone before PNG save
  ---
  duration_ms: 484.333499
  type: 'test'
  ...
# Subtest: full: transparent padding does not change visible scale or floor
ok 58 - full: transparent padding does not change visible scale or floor
  ---
  duration_ms: 233.61963
  type: 'test'
  ...
# Subtest: wide: transparent padding does not change visible scale or floor
ok 59 - wide: transparent padding does not change visible scale or floor
  ---
  duration_ms: 248.331428
  type: 'test'
  ...
# Subtest: medium: transparent padding does not change visible scale or floor
ok 60 - medium: transparent padding does not change visible scale or floor
  ---
  duration_ms: 248.691449
  type: 'test'
  ...
# Subtest: only deliberate local closeups become full-frame inserts
ok 61 - only deliberate local closeups become full-frame inserts
  ---
  duration_ms: 290.716561
  type: 'test'
  ...
# Subtest: an oval eye insert preserves both eyes and keeps its caption readable
ok 62 - an oval eye insert preserves both eyes and keeps its caption readable
  ---
  duration_ms: 521.711134
  type: 'test'
  ...
# Subtest: side captions split once at word boundaries and stay outside the actor in dark scenes
ok 63 - side captions split once at word boundaries and stay outside the actor in dark scenes
  ---
  duration_ms: 344.540853
  type: 'test'
  ...
# Subtest: side captions shrink to keep ordinary English words whole
ok 64 - side captions shrink to keep ordinary English words whole
  ---
  duration_ms: 268.343056
  type: 'test'
  ...
# Subtest: crowded 960x540 captions use one complete front lane without clipping
ok 65 - crowded 960x540 captions use one complete front lane without clipping
  ---
  duration_ms: 254.261817
  type: 'test'
  ...
# Subtest: crowded 540x960 captions use one complete front lane without clipping
ok 66 - crowded 540x960 captions use one complete front lane without clipping
  ---
  duration_ms: 251.68488
  type: 'test'
  ...
# Subtest: a crowded keyword never lands on the complete lyric and a fade renders only current captions
ok 67 - a crowded keyword never lands on the complete lyric and a fade renders only current captions
  ---
  duration_ms: 375.806145
  type: 'test'
  ...
# Subtest: punctuation differences do not add a second copy of a complete stage lyric
ok 68 - punctuation differences do not add a second copy of a complete stage lyric
  ---
  duration_ms: 425.585572
  type: 'test'
  ...
# Subtest: seven songs start folded, every song remains reachable, and actions follow the selected song
ok 69 - seven songs start folded, every song remains reachable, and actions follow the selected song
  ---
  duration_ms: 271.700025
  type: 'test'
  ...
# Test file: mv-cutout-frame-regression.mjs
(node:94) ExperimentalWarning: VM Modules is an experimental feature and might change at any time
(Use `node --trace-warnings ...` to show where the warning was created)
# Subtest: one-click cutout opens directly on a transparent PNG draft and preserves original on save
ok 70 - one-click cutout opens directly on a transparent PNG draft and preserves original on save
  ---
  duration_ms: 282.182935
  type: 'test'
  ...
# Subtest: one-click cutout undo and cancel keep the paid source and do not save a mask
ok 71 - one-click cutout undo and cancel keep the paid source and do not save a mask
  ---
  duration_ms: 279.86973
  type: 'test'
  ...
# Subtest: explicit cutout removes panel outside white only and never describes it as recovered character
ok 72 - explicit cutout removes panel outside white only and never describes it as recovered character
  ---
  duration_ms: 264.117917
  type: 'test'
  ...
# Subtest: complex and empty backgrounds produce no destructive saved image
ok 73 - complex and empty backgrounds produce no destructive saved image
  ---
  duration_ms: 460.118856
  type: 'test'
  ...
# Subtest: preview trims a rectangular panel border but never zooms into a full-body transparent figure
ok 74 - preview trims a rectangular panel border but never zooms into a full-body transparent figure
  ---
  duration_ms: 566.456234
  type: 'test'
  ...
# Subtest: character, group background, motif, and inspector use the selected frame shape and provide cutout action
ok 75 - character, group background, motif, and inspector use the selected frame shape and provide cutout action
  ---
  duration_ms: 197.435548
  type: 'test'
  ...
# Subtest: real board thumbnail excludes picture padding without changing persisted image, shots or timing
ok 76 - real board thumbnail excludes picture padding without changing persisted image, shots or timing
  ---
  duration_ms: 383.35757
  type: 'test'
  ...
# Subtest: one-click never guesses a cell from a multi-panel sprite sheet
ok 77 - one-click never guesses a cell from a multi-panel sprite sheet
  ---
  duration_ms: 360.88674
  type: 'test'
  ...
# Test file: mv-stage-canvas-regression.mjs
(node:138) ExperimentalWarning: VM Modules is an experimental feature and might change at any time
(Use `node --trace-warnings ...` to show where the warning was created)
# Subtest: native Canvas 16:9: one background continues through held poses and changed text
ok 78 - native Canvas 16:9: one background continues through held poses and changed text
  ---
  duration_ms: 449.427985
  type: 'test'
  ...
# Subtest: native Canvas 9:16: one background continues through held poses and changed text
ok 79 - native Canvas 9:16: one background continues through held poses and changed text
  ---
  duration_ms: 442.762305
  type: 'test'
  ...
# Subtest: background is behind confirmed transparent art, text order is deliberate, and opaque art stays intact
ok 80 - background is behind confirmed transparent art, text order is deliberate, and opaque art stays intact
  ---
  duration_ms: 622.636939
  type: 'test'
  ...
# Subtest: an opaque PNG marked as cutout keeps a full-frame fallback instead of hiding the stage text
ok 81 - an opaque PNG marked as cutout keeps a full-frame fallback instead of hiding the stage text
  ---
  duration_ms: 347.117744
  type: 'test'
  ...
# Subtest: shared backgrounds appear once in the board and pose editing is reachable from the player
ok 82 - shared backgrounds appear once in the board and pose editing is reachable from the player
  ---
  duration_ms: 332.212869
  type: 'test'
  ...
# Subtest: native Canvas export matches preview at the same song time even for a clipped second section
ok 83 - native Canvas export matches preview at the same song time even for a clipped second section
  ---
  duration_ms: 851.096466
  type: 'test'
  ...
# Subtest: automatic character layer (native alpha) is visible over the actual shared image
ok 84 - automatic character layer (native alpha) is visible over the actual shared image
  ---
  duration_ms: 1983.395416
  type: 'test'
  ...
# Subtest: automatic character layer (\#ffffff) is visible over the actual shared image
ok 85 - automatic character layer (\#ffffff) is visible over the actual shared image
  ---
  duration_ms: 1819.811624
  type: 'test'
  ...
# Subtest: automatic character layer (\#dddddd) is visible over the actual shared image
ok 86 - automatic character layer (\#dddddd) is visible over the actual shared image
  ---
  duration_ms: 1691.942508
  type: 'test'
  ...
# Test file: mv-stage-regression.mjs
(node:154) ExperimentalWarning: VM Modules is an experimental feature and might change at any time
(Use `node --trace-warnings ...` to show where the warning was created)
# Subtest: one shared procedural background serves two groups and does not request an extra image
ok 87 - one shared procedural background serves two groups and does not request an extra image
  ---
  duration_ms: 146.206388
  type: 'test'
  ...
# Subtest: a shared image background is one editable asset and one paid request across groups
ok 88 - a shared image background is one editable asset and one paid request across groups
  ---
  duration_ms: 144.39491
  type: 'test'
  ...
# Subtest: stage prompts separate the character and stage while old expression records stay full-frame
ok 89 - stage prompts separate the character and stage while old expression records stay full-frame
  ---
  duration_ms: 156.178541
  type: 'test'
  ...
# Subtest: layer clocks retain the song anchor when only lyrics or the pose changes
ok 90 - layer clocks retain the song anchor when only lyrics or the pose changes
  ---
  duration_ms: 171.740097
  type: 'test'
  ...
# Subtest: procedural scenes are ready without a paid background and manual clips remain selectable
ok 91 - procedural scenes are ready without a paid background and manual clips remain selectable
  ---
  duration_ms: 167.985555
  type: 'test'
  ...
# Subtest: a shared background cannot be drawn twice concurrently or overwrite a newer edit
ok 92 - a shared background cannot be drawn twice concurrently or overwrite a newer edit
  ---
  duration_ms: 174.131502
  type: 'test'
  ...
# Subtest: shared pose redraw updates its reusable asset and remains editable
ok 93 - shared pose redraw updates its reusable asset and remains editable
  ---
  duration_ms: 171.748648
  type: 'test'
  ...
# Subtest: continuation preserves edited shared art and reuses IDs while appending new backgrounds
ok 94 - continuation preserves edited shared art and reuses IDs while appending new backgrounds
  ---
  duration_ms: 161.893075
  type: 'test'
  ...
# Subtest: late storyboard cannot replace a manually changed shared background
ok 95 - late storyboard cannot replace a manually changed shared background
  ---
  duration_ms: 176.76041
  type: 'test'
  ...
# Subtest: unrecognized optional stage data falls back without blocking a usable storyboard
ok 96 - unrecognized optional stage data falls back without blocking a usable storyboard
  ---
  duration_ms: 161.748001
  type: 'test'
  ...
# Subtest: one storyboard request saves executable stage data and its lyric mode
ok 97 - one storyboard request saves executable stage data and its lyric mode
  ---
  duration_ms: 221.845248
  type: 'test'
  ...
# Test file: mv-intro-regression.mjs
(node:166) ExperimentalWarning: VM Modules is an experimental feature and might change at any time
(Use `node --trace-warnings ...` to show where the warning was created)
# Subtest: a thirty-second prelude shows the first drawing after the two-second title
ok 98 - a thirty-second prelude shows the first drawing after the two-second title
  ---
  duration_ms: 302.820852
  type: 'test'
  ...
# Subtest: intro duration is editable, zero disables it, and reopening preserves song, timing and drawings
ok 99 - intro duration is editable, zero disables it, and reopening preserves song, timing and drawings
  ---
  duration_ms: 313.106524
  type: 'test'
  ...
# Subtest: a chosen five-second title fades out at five seconds rather than waiting for lyrics
ok 100 - a chosen five-second title fades out at five seconds rather than waiting for lyrics
  ---
  duration_ms: 459.167145
  type: 'test'
  ...
# Subtest: a short first shot keeps its second half visible even with a longer title setting
ok 101 - a short first shot keeps its second half visible even with a longer title setting
  ---
  duration_ms: 822.491373
  type: 'test'
  ...
# Subtest: fractional intro durations work and malformed values do not break playback
ok 102 - fractional intro durations work and malformed values do not break playback
  ---
  duration_ms: 720.773461
  type: 'test'
  ...
# Subtest: a sung opening has no cover and lyric taps are not delayed by title duration
ok 103 - a sung opening has no cover and lyric taps are not delayed by title duration
  ---
  duration_ms: 1634.285237
  type: 'test'
  ...
# Subtest: fragment preview times the title from its own start without changing export timing
ok 104 - fragment preview times the title from its own start without changing export timing
  ---
  duration_ms: 683.985017
  type: 'test'
  ...
# Subtest: recorded video renders the same shortened title as preview without shifting the clock
ok 105 - recorded video renders the same shortened title as preview without shifting the clock
  ---
  duration_ms: 577.149588
  type: 'test'
  ...
# Test file: mv-overlays-regression.mjs
(node:186) ExperimentalWarning: VM Modules is an experimental feature and might change at any time
(Use `node --trace-warnings ...` to show where the warning was created)
# Subtest: outro appears only inside the selected ending interval, never over later or earlier shots
ok 106 - outro appears only inside the selected ending interval, never over later or earlier shots
  ---
  duration_ms: 388.956251
  type: 'test'
  ...
# Subtest: outro control persists, accepts fractional seconds and zero, preserving drawings and timing
ok 107 - outro control persists, accepts fractional seconds and zero, preserving drawings and timing
  ---
  duration_ms: 795.182857
  type: 'test'
  ...
# Subtest: a short final shot keeps its first half free of the outro
ok 108 - a short final shot keeps its first half free of the outro
  ---
  duration_ms: 629.950202
  type: 'test'
  ...
# Subtest: v1 fade leaves most of a 0.2 second shot clear without removing the transition
ok 109 - v1 fade leaves most of a 0.2 second shot clear without removing the transition
  ---
  duration_ms: 672.574685
  type: 'test'
  ...
# Subtest: v1 flash leaves most of a 0.2 second shot clear without removing the transition
ok 110 - v1 flash leaves most of a 0.2 second shot clear without removing the transition
  ---
  duration_ms: 580.794314
  type: 'test'
  ...
# Subtest: v2 fade leaves most of a 0.2 second shot clear without removing the transition
ok 111 - v2 fade leaves most of a 0.2 second shot clear without removing the transition
  ---
  duration_ms: 657.477587
  type: 'test'
  ...
# Subtest: v2 flash leaves most of a 0.2 second shot clear without removing the transition
ok 112 - v2 flash leaves most of a 0.2 second shot clear without removing the transition
  ---
  duration_ms: 549.849935
  type: 'test'
  ...
# Subtest: normal-length shots retain their existing fade
ok 113 - normal-length shots retain their existing fade
  ---
  duration_ms: 475.564036
  type: 'test'
  ...
# Subtest: hiding lyrics also hides the chorus keyword and restoring lyrics keeps the choice
ok 114 - hiding lyrics also hides the chorus keyword and restoring lyrics keeps the choice
  ---
  duration_ms: 355.545822
  type: 'test'
  ...
# Subtest: motif and keyword controls are independent and preserve generated assets
ok 115 - motif and keyword controls are independent and preserve generated assets
  ---
  duration_ms: 332.669019
  type: 'test'
  ...
# Subtest: fragment export preserves overlay choices without changing the original timeline
ok 116 - fragment export preserves overlay choices without changing the original timeline
  ---
  duration_ms: 375.160562
  type: 'test'
  ...
# Subtest: video export uses the saved overlay snapshot and the same clear ending as preview
ok 117 - video export uses the saved overlay snapshot and the same clear ending as preview
  ---
  duration_ms: 422.051496
  type: 'test'
  ...
# Test file: mv-motif-regression.mjs
(node:206) ExperimentalWarning: VM Modules is an experimental feature and might change at any time
(Use `node --trace-warnings ...` to show where the warning was created)
# Subtest: legacy white-background motifs are real transparent sprites in preview without touching saved art
ok 118 - legacy white-background motifs are real transparent sprites in preview without touching saved art
  ---
  duration_ms: 651.96755
  type: 'test'
  ...
# Subtest: opaque white or patterned motifs are not pasted as rectangular decorations
ok 119 - opaque white or patterned motifs are not pasted as rectangular decorations
  ---
  duration_ms: 1180.197924
  type: 'test'
  ...
# Subtest: true transparent white motifs retain their original colour and semi-transparent pixels
ok 120 - true transparent white motifs retain their original colour and semi-transparent pixels
  ---
  duration_ms: 377.950522
  type: 'test'
  ...
# Subtest: white snow on the contrasting default background keeps its white foreground
ok 121 - white snow on the contrasting default background keeps its white foreground
  ---
  duration_ms: 355.401926
  type: 'test'
  ...
# Subtest: enclosed white motif details stay opaque while the outside becomes transparent
ok 122 - enclosed white motif details stay opaque while the outside becomes transparent
  ---
  duration_ms: 324.675152
  type: 'test'
  ...
# Subtest: motif background processing is not applied to a full-scene white character picture
ok 123 - motif background processing is not applied to a full-scene white character picture
  ---
  duration_ms: 374.656878
  type: 'test'
  ...
# Subtest: redrawing or importing a new motif invalidates the old prepared sprite
ok 124 - redrawing or importing a new motif invalidates the old prepared sprite
  ---
  duration_ms: 343.79586
  type: 'test'
  ...
# Subtest: canvas read failure skips only the motif and does not fall back to its opaque original
ok 125 - canvas read failure skips only the motif and does not fall back to its opaque original
  ---
  duration_ms: 348.690966
  type: 'test'
  ...
# Subtest: preview and video export use the same transparent motif pixels
ok 126 - preview and video export use the same transparent motif pixels
  ---
  duration_ms: 357.837129
  type: 'test'
  ...
# Subtest: only the default motif recipe changes; white motifs use contrast and custom prompts remain verbatim
ok 127 - only the default motif recipe changes; white motifs use contrast and custom prompts remain verbatim
  ---
  duration_ms: 318.407052
  type: 'test'
  ...
# Subtest: motif editor opens with the prepared pixels and saves a real PNG while preserving its original
ok 128 - motif editor opens with the prepared pixels and saves a real PNG while preserving its original
  ---
  duration_ms: 301.199846
  type: 'test'
  ...
# Subtest: motif editor can undo background processing and manually restore white details
ok 129 - motif editor can undo background processing and manually restore white details
  ---
  duration_ms: 390.186304
  type: 'test'
  ...
# Subtest: motif editor does not erase an unrecognizable background or call an empty image a cutout
ok 130 - motif editor does not erase an unrecognizable background or call an empty image a cutout
  ---
  duration_ms: 318.131832
  type: 'test'
  ...
# Subtest: outer anti-aliased colour is unmixed from white without changing the input or enclosed white
ok 131 - outer anti-aliased colour is unmixed from white without changing the input or enclosed white
  ---
  duration_ms: 409.73195
  type: 'test'
  ...
# Test file: mv-navigation-regression.mjs
(node:226) ExperimentalWarning: VM Modules is an experimental feature and might change at any time
(Use `node --trace-warnings ...` to show where the warning was created)
# Subtest: saving an MV prompt returns to its picture without changing images or generating
ok 132 - saving an MV prompt returns to its picture without changing images or generating
  ---
  duration_ms: 277.284798
  type: 'test'
  ...
# Subtest: toolbar returns from material editor to the same picture and leaves unsaved prompt unchanged
ok 133 - toolbar returns from material editor to the same picture and leaves unsaved prompt unchanged
  ---
  duration_ms: 267.190468
  type: 'test'
  ...
# Subtest: same-page image completion rerenders keep the current scroll position
ok 134 - same-page image completion rerenders keep the current scroll position
  ---
  duration_ms: 277.907594
  type: 'test'
  ...
# Subtest: preview and timing return one level at a time, restoring each parent position
ok 135 - preview and timing return one level at a time, restoring each parent position
  ---
  duration_ms: 292.481152
  type: 'test'
  ...
# Subtest: page-local return works through the overlay click dispatcher without exiting to interactions
ok 136 - page-local return works through the overlay click dispatcher without exiting to interactions
  ---
  duration_ms: 300.861226
  type: 'test'
  ...
# Subtest: old editor callbacks cannot restore the previous song page after leaving and reopening
ok 137 - old editor callbacks cannot restore the previous song page after leaving and reopening
  ---
  duration_ms: 300.255751
  type: 'test'
  ...
# Subtest: picture anchor, expanded inspection and horizontal thumbnails survive changed layout
ok 138 - picture anchor, expanded inspection and horizontal thumbnails survive changed layout
  ---
  duration_ms: 298.725379
  type: 'test'
  ...
# Subtest: completed timing navigation does not make a preview/timing back loop
ok 139 - completed timing navigation does not make a preview/timing back loop
  ---
  duration_ms: 312.509937
  type: 'test'
  ...
# Subtest: preserving page state never reverses an explicit inspection expand/collapse click
ok 140 - preserving page state never reverses an explicit inspection expand/collapse click
  ---
  duration_ms: 265.565145
  type: 'test'
  ...
# Subtest: closed editor callbacks cannot dismiss a newer editor in the same song
ok 141 - closed editor callbacks cannot dismiss a newer editor in the same song
  ---
  duration_ms: 399.187325
  type: 'test'
  ...
# Subtest: rapid repeated edit clicks still return once to the original picture
ok 142 - rapid repeated edit clicks still return once to the original picture
  ---
  duration_ms: 236.469944
  type: 'test'
  ...
# Subtest: the first successful storyboard becomes the root instead of returning to the generate wizard
ok 143 - the first successful storyboard becomes the root instead of returning to the generate wizard
  ---
  duration_ms: 257.502125
  type: 'test'
  ...
# Subtest: pending save keeps the editor open and still allows returning without losing the original picture
ok 144 - pending save keeps the editor open and still allows returning without losing the original picture
  ---
  duration_ms: 291.090947
  type: 'test'
  ...
# Subtest: album thumbnails have no rabbit menu but retain memory and detail image actions
ok 145 - album thumbnails have no rabbit menu but retain memory and detail image actions
  ---
  duration_ms: 319.989783
  type: 'test'
  ...
# Subtest: album detail has a local return and toolbar returns to the scrolled album
ok 146 - album detail has a local return and toolbar returns to the scrolled album
  ---
  duration_ms: 276.350522
  type: 'test'
  ...
# Subtest: read-only album hides write actions and a different album cannot inherit the return position
ok 147 - read-only album hides write actions and a different album cannot inherit the return position
  ---
  duration_ms: 240.823231
  type: 'test'
  ...
# Test file: mv-media-sync-regression.mjs
(node:234) ExperimentalWarning: VM Modules is an experimental feature and might change at any time
(Use `node --trace-warnings ...` to show where the warning was created)
# Subtest: saved per-shot local images appear after reopening v2 and do not replace shared sibling images
ok 148 - saved per-shot local images appear after reopening v2 and do not replace shared sibling images
  ---
  duration_ms: 389.519587
  type: 'test'
  ...
# Subtest: importing a full scene takes effect in v2 preview without automatic splitting or cutout
ok 149 - importing a full scene takes effect in v2 preview without automatic splitting or cutout
  ---
  duration_ms: 357.385938
  type: 'test'
  ...
# Subtest: single-shot redraw is visible in v2 while sibling shots retain their shared art
ok 150 - single-shot redraw is visible in v2 while sibling shots retain their shared art
  ---
  duration_ms: 379.383362
  type: 'test'
  ...
# Subtest: manual image failure preserves the old reference and blob
ok 151 - manual image failure preserves the old reference and blob
  ---
  duration_ms: 366.701238
  type: 'test'
  ...
# Subtest: two rapid imports keep the last chosen image when storage finishes out of order
ok 152 - two rapid imports keep the last chosen image when storage finishes out of order
  ---
  duration_ms: 361.704391
  type: 'test'
  ...
# Subtest: late import cannot overwrite a replacement storyboard and remains recoverable
ok 153 - late import cannot overwrite a replacement storyboard and remains recoverable
  ---
  duration_ms: 271.600001
  type: 'test'
  ...
# Subtest: late imported image stays bound to the original song after navigation
ok 154 - late imported image stays bound to the original song after navigation
  ---
  duration_ms: 381.385985
  type: 'test'
  ...
# Subtest: a new storyboard revision holds a late import even when its shot fields are identical
ok 155 - a new storyboard revision holds a late import even when its shot fields are identical
  ---
  duration_ms: 307.642415
  type: 'test'
  ...
# Subtest: changing chats during image storage cannot write the imported image into the new chat
ok 156 - changing chats during image storage cannot write the imported image into the new chat
  ---
  duration_ms: 411.265165
  type: 'test'
  ...
# Subtest: a missing imported blob stops export with a message instead of exporting its replaced picture
ok 157 - a missing imported blob stops export with a message instead of exporting its replaced picture
  ---
  duration_ms: 365.500501
  type: 'test'
  ...
# Subtest: returning to shared art removes only the chosen shot override
ok 158 - returning to shared art removes only the chosen shot override
  ---
  duration_ms: 390.425155
  type: 'test'
  ...
# Subtest: completed clip export loads visible imported scenes instead of unavailable replaced assets
ok 159 - completed clip export loads visible imported scenes instead of unavailable replaced assets
  ---
  duration_ms: 401.28514
  type: 'test'
  ...
# Subtest: undoing a correction after all sections are timed leaves that section ready to tap again
ok 160 - undoing a correction after all sections are timed leaves that section ready to tap again
  ---
  duration_ms: 388.088419
  type: 'test'
  ...
# Subtest: undoing an out-of-order section returns to that section, not the first missing one
ok 161 - undoing an out-of-order section returns to that section, not the first missing one
  ---
  duration_ms: 411.66298
  type: 'test'
  ...
# Subtest: undoing a nudge restores its target and a new tap creates a correct undo record
ok 162 - undoing a nudge restores its target and a new tap creates a correct undo record
  ---
  duration_ms: 389.006302
  type: 'test'
  ...
# Subtest: sequential final-tap undo and reopened fallback undo can both be tapped again
ok 163 - sequential final-tap undo and reopened fallback undo can both be tapped again
  ---
  duration_ms: 381.666423
  type: 'test'
  ...
# Subtest: undo keeps the no-audio button disabled and reset removes stale undo targets
ok 164 - undo keeps the no-audio button disabled and reset removes stale undo targets
  ---
  duration_ms: 299.116064
  type: 'test'
  ...
# Test file: mv-transport-regression.mjs
(node:250) ExperimentalWarning: VM Modules is an experimental feature and might change at any time
(Use `node --trace-warnings ...` to show where the warning was created)
# Subtest: first storyboard reports wrapped 524 as transport timeout; no fake storyboard or extra request
ok 165 - first storyboard reports wrapped 524 as transport timeout; no fake storyboard or extra request
  ---
  duration_ms: 152.50302
  type: 'test'
  ...
# Subtest: failed regeneration preserves every old shot and image; next manual click can succeed
ok 166 - failed regeneration preserves every old shot and image; next manual click can succeed
  ---
  duration_ms: 199.885742
  type: 'test'
  ...
# Subtest: validated generation does not treat backend error prose as a paid empty-JSON reroll
ok 167 - validated generation does not treat backend error prose as a paid empty-JSON reroll
  ---
  duration_ms: 160.519941
  type: 'test'
  ...
# Subtest: plain, content-array and profile-stream errors retain 524 without exporting backend text
ok 168 - plain, content-array and profile-stream errors retain 524 without exporting backend text
  ---
  duration_ms: 137.07814
  type: 'test'
  ...
# Subtest: structured backend error message retains HTTP status when no numeric status field exists
ok 169 - structured backend error message retains HTTP status when no numeric status field exists
  ---
  duration_ms: 179.676978
  type: 'test'
  ...
# Subtest: numeric envelope status takes priority over conflicting prose
ok 170 - numeric envelope status takes priority over conflicting prose
  ---
  duration_ms: 155.819057
  type: 'test'
  ...
# Subtest: valid JSON, fenced JSON and JSON after backend-like prose remain parseable
ok 171 - valid JSON, fenced JSON and JSON after backend-like prose remain parseable
  ---
  duration_ms: 180.908634
  type: 'test'
  ...
# Subtest: truncated JSON after error-like prose remains a recoverable JSON truncation
ok 172 - truncated JSON after error-like prose remains a recoverable JSON truncation
  ---
  duration_ms: 256.718572
  type: 'test'
  ...
# Subtest: ordinary prose and incidental error references keep the existing parser path
ok 173 - ordinary prose and incidental error references keep the existing parser path
  ---
  duration_ms: 219.272531
  type: 'test'
  ...
# Subtest: HTTP and error-code-only error replies preserve a safe numeric status
ok 174 - HTTP and error-code-only error replies preserve a safe numeric status
  ---
  duration_ms: 219.958267
  type: 'test'
  ...
# Subtest: real thrown 524 is shown as timeout with MV trace and a single request
ok 175 - real thrown 524 is shown as timeout with MV trace and a single request
  ---
  duration_ms: 263.102559
  type: 'test'
  ...
# Subtest: successful first storyboard keeps configured max output, temperature, streaming choice and one request
ok 176 - successful first storyboard keeps configured max output, temperature, streaming choice and one request
  ---
  duration_ms: 220.798367
  type: 'test'
  ...
# Subtest: HTTP diagnostics permit only integer error statuses and never exception text
ok 177 - HTTP diagnostics permit only integer error statuses and never exception text
  ---
  duration_ms: 224.699891
  type: 'test'
  ...
# Test file: mv-tap-clock-regression.mjs
(node:262) ExperimentalWarning: VM Modules is an experimental feature and might change at any time
(Use `node --trace-warnings ...` to show where the warning was created)
# Subtest: whole-song lyric taps keep repeated-shot starts ordered and every distinct lyric exactly on its tap
ok 178 - whole-song lyric taps keep repeated-shot starts ordered and every distinct lyric exactly on its tap
  ---
  duration_ms: 238.937569
  type: 'test'
  ...
# Subtest: a late lyric tap redistributes unmarked shots between anchors rather than leaving old starts behind
ok 179 - a late lyric tap redistributes unmarked shots between anchors rather than leaving old starts behind
  ---
  duration_ms: 208.376301
  type: 'test'
  ...
# Subtest: section taps remain exact fractional anchors even when automatic beat snapping is enabled
ok 180 - section taps remain exact fractional anchors even when automatic beat snapping is enabled
  ---
  duration_ms: 207.991554
  type: 'test'
  ...
# Subtest: unmarked earlier sections fit before a later manual anchor without pushing that anchor away
ok 181 - unmarked earlier sections fit before a later manual anchor without pushing that anchor away
  ---
  duration_ms: 211.79097
  type: 'test'
  ...
# Subtest: section ranges and clipped export follow first-line anchors from whole-song lyric sync
ok 182 - section ranges and clipped export follow first-line anchors from whole-song lyric sync
  ---
  duration_ms: 216.198812
  type: 'test'
  ...
# Subtest: space and punctuation differences in copied lyrics still map to the same manual line
ok 183 - space and punctuation differences in copied lyrics still map to the same manual line
  ---
  duration_ms: 255.000471
  type: 'test'
  ...
# Subtest: repeated lyric text in separate occurrences receives distinct saved line times
ok 184 - repeated lyric text in separate occurrences receives distinct saved line times
  ---
  duration_ms: 247.619552
  type: 'test'
  ...
# Subtest: null and empty lyric taps remain unmarked and corrupt reversed taps never make negative durations
ok 185 - null and empty lyric taps remain unmarked and corrupt reversed taps never make negative durations
  ---
  duration_ms: 245.164284
  type: 'test'
  ...
# Subtest: tiny manually timed line intervals retain both exact anchors and positive intermediate cuts
ok 186 - tiny manually timed line intervals retain both exact anchors and positive intermediate cuts
  ---
  duration_ms: 256.713945
  type: 'test'
  ...
# Subtest: subtitles and timetable use the repaired positive timeline and preserve saved content
ok 187 - subtitles and timetable use the repaired positive timeline and preserve saved content
  ---
  duration_ms: 265.187107
  type: 'test'
  ...
# Subtest: an untimed opening with no intro drawings preserves later estimated cut positions
ok 188 - an untimed opening with no intro drawings preserves later estimated cut positions
  ---
  duration_ms: 252.527641
  type: 'test'
  ...
# Subtest: a corrupt zero tap after earlier drawings is ignored without rewriting data or collapsing those drawings
ok 189 - a corrupt zero tap after earlier drawings is ignored without rewriting data or collapsing those drawings
  ---
  duration_ms: 290.865732
  type: 'test'
  ...
# Subtest: public whole-song lyric sync, undo and reopening preserve exact timing and show no early lyric or skipped drawing
ok 190 - public whole-song lyric sync, undo and reopening preserve exact timing and show no early lyric or skipped drawing
  ---
  duration_ms: 956.722522
  type: 'test'
  ...
# Subtest: video export starts at the marked chorus and uses the same absolute cut points and images as preview
ok 191 - video export starts at the marked chorus and uses the same absolute cut points and images as preview
  ---
  duration_ms: 318.718931
  type: 'test'
  ...
# Subtest: legacy overall timing offsets retain their automatic cut positions when there are no manual marks
ok 192 - legacy overall timing offsets retain their automatic cut positions when there are no manual marks
  ---
  duration_ms: 234.034945
  type: 'test'
  ...
# Test file: mv-ratio-regression.mjs
(node:278) ExperimentalWarning: VM Modules is an experimental feature and might change at any time
(Use `node --trace-warnings ...` to show where the warning was created)
# Subtest: 16:9: BaiBai receives the selected orientation for shared poses, scene assets and redraws
ok 193 - 16:9: BaiBai receives the selected orientation for shared poses, scene assets and redraws
  ---
  duration_ms: 280.237707
  type: 'test'
  ...
# Subtest: 16:9: non-stage cutout assets and complete manual prompts retain the selected orientation
ok 194 - 16:9: non-stage cutout assets and complete manual prompts retain the selected orientation
  ---
  duration_ms: 246.957758
  type: 'test'
  ...
# Subtest: 9:16: BaiBai receives the selected orientation for shared poses, scene assets and redraws
ok 195 - 9:16: BaiBai receives the selected orientation for shared poses, scene assets and redraws
  ---
  duration_ms: 290.946913
  type: 'test'
  ...
# Subtest: 9:16: non-stage cutout assets and complete manual prompts retain the selected orientation
ok 196 - 9:16: non-stage cutout assets and complete manual prompts retain the selected orientation
  ---
  duration_ms: 242.25366
  type: 'test'
  ...
# Subtest: Chatu8 novelai: MV swaps a portrait size only for this horizontal request
ok 197 - Chatu8 novelai: MV swaps a portrait size only for this horizontal request
  ---
  duration_ms: 241.582364
  type: 'test'
  ...
# Subtest: Chatu8 sd: MV swaps a portrait size only for this horizontal request
ok 198 - Chatu8 sd: MV swaps a portrait size only for this horizontal request
  ---
  duration_ms: 232.392545
  type: 'test'
  ...
# Subtest: Chatu8 comfyui: MV swaps a portrait size only for this horizontal request
ok 199 - Chatu8 comfyui: MV swaps a portrait size only for this horizontal request
  ---
  duration_ms: 242.40907
  type: 'test'
  ...
# Subtest: ordinary Chatu8 CG requests retain provider sizes and MV square settings get an oriented request
ok 200 - ordinary Chatu8 CG requests retain provider sizes and MV square settings get an oriented request
  ---
  duration_ms: 258.319089
  type: 'test'
  ...
# Subtest: automatic provider fallback carries the MV orientation to Chatu8
ok 201 - automatic provider fallback carries the MV orientation to Chatu8
  ---
  duration_ms: 253.220677
  type: 'test'
  ...
# Subtest: Chatu8 missing size fields still permit MV generation without changing settings
ok 202 - Chatu8 missing size fields still permit MV generation without changing settings
  ---
  duration_ms: 1193.334873
  type: 'test'
  ...
# Subtest: legacy standalone frames honor the orientation and motif generation keeps its existing contract
ok 203 - legacy standalone frames honor the orientation and motif generation keeps its existing contract
  ---
  duration_ms: 382.311143
  type: 'test'
  ...
# Subtest: horizontal board thumbnails include a wide shape while vertical boards keep portrait tiles
ok 204 - horizontal board thumbnails include a wide shape while vertical boards keep portrait tiles
  ---
  duration_ms: 205.179274
  type: 'test'
  ...
# Subtest: choosing horizontal in setup persists through storyboard generation and drawing the remaining images
ok 205 - choosing horizontal in setup persists through storyboard generation and drawing the remaining images
  ---
  duration_ms: 235.430419
  type: 'test'
  ...
# Test file: mv-update-regression.mjs
(node:286) ExperimentalWarning: VM Modules is an experimental feature and might change at any time
(Use `node --trace-warnings ...` to show where the warning was created)
# Subtest: paid storyboard switch + quota preserves raw and old metadata; save-only retry is idempotent
ok 206 - paid storyboard switch + quota preserves raw and old metadata; save-only retry is idempotent
  ---
  duration_ms: 185.043224
  type: 'test'
  ...
# Subtest: revision drift journals paid result and survives a fresh runtime
not ok 207 - revision drift journals paid result and survives a fresh runtime
  ---
  duration_ms: 187.516068
  type: 'test'
  location: '/workspace/scratch/59771f6e8e39/hearttrace-editor-1.0.19/tokimemo-main/tools/verification/mv-update-regression.mjs:13:1'
  failureType: 'testCodeFailure'
  error: |-
    Expected values to be strictly equal:
    
    false !== true
    
  code: 'ERR_ASSERTION'
  name: 'AssertionError'
  expected: true
  actual: false
  operator: 'strictEqual'
  stack: |-
    TestContext.<anonymous> (file:///workspace/scratch/59771f6e8e39/hearttrace-editor-1.0.19/tokimemo-main/tools/verification/mv-update-regression.mjs:13:231)
    async Test.run (node:internal/test_runner/test:1389:7)
    async Test.processPendingSubtests (node:internal/test_runner/test:960:7)
  ...
# Subtest: song deletion and text changes cannot receive a late paid result
ok 208 - song deletion and text changes cannot receive a late paid result
  ---
  duration_ms: 395.958982
  type: 'test'
  ...
# Subtest: absent/silent local storage and rejected metadata never claim durable success
ok 209 - absent/silent local storage and rejected metadata never claim durable success
  ---
  duration_ms: 228.624938
  type: 'test'
  ...
# Subtest: malformed paid storyboard remains exportable with no automatic new request
ok 210 - malformed paid storyboard remains exportable with no automatic new request
  ---
  duration_ms: 165.125196
  type: 'test'
  ...
# Subtest: late generated frame never overwrites a newer manual image
ok 211 - late generated frame never overwrites a newer manual image
  ---
  duration_ms: 160.877276
  type: 'test'
  ...
# Subtest: late rewrite detects shot edits and keeps paid rewrite
ok 212 - late rewrite detects shot edits and keeps paid rewrite
  ---
  duration_ms: 196.732011
  type: 'test'
  ...
# Subtest: legacy reversed taps produce strictly positive non-overlapping SRT times
ok 213 - legacy reversed taps produce strictly positive non-overlapping SRT times
  ---
  duration_ms: 157.34615
  type: 'test'
  ...
# Subtest: frame cast is the exact intersection of shot people and appearance preference
not ok 214 - frame cast is the exact intersection of shot people and appearance preference
  ---
  duration_ms: 186.176475
  type: 'test'
  location: '/workspace/scratch/59771f6e8e39/hearttrace-editor-1.0.19/tokimemo-main/tools/verification/mv-update-regression.mjs:20:1'
  failureType: 'testCodeFailure'
  error: |-
    The input did not match the regular expression /no people/. Input:
    
    'vertical 9:16 composition, empty room, scenery, no humans'
    
  code: 'ERR_ASSERTION'
  name: 'AssertionError'
  expected:
  actual: 'vertical 9:16 composition, empty room, scenery, no humans'
  operator: 'match'
  stack: |-
    TestContext.<anonymous> (file:///workspace/scratch/59771f6e8e39/hearttrace-editor-1.0.19/tokimemo-main/tools/verification/mv-update-regression.mjs:20:585)
    async Test.run (node:internal/test_runner/test:1389:7)
    async Test.processPendingSubtests (node:internal/test_runner/test:960:7)
  ...
# Subtest: delayed audio restore cannot change another chat/song filename or duration
ok 215 - delayed audio restore cannot change another chat/song filename or duration
  ---
  duration_ms: 179.630028
  type: 'test'
  ...
# Subtest: audio with same song id is isolated by chat and late restore loses to manual upload
ok 216 - audio with same song id is isolated by chat and late restore loses to manual upload
  ---
  duration_ms: 207.703833
  type: 'test'
  ...
# Subtest: leaving MV while playing stops audio and never renders over another route
ok 217 - leaving MV while playing stops audio and never renders over another route
  ---
  duration_ms: 294.956026
  type: 'test'
  ...
# Subtest: record countdown is cancelled on exit and cannot play later
ok 218 - record countdown is cancelled on exit and cannot play later
  ---
  duration_ms: 191.576878
  type: 'test'
  ...
# Subtest: canvas subtitles preserve the entire lyric instead of clipping to 24 characters
ok 219 - canvas subtitles preserve the entire lyric instead of clipping to 24 characters
  ---
  duration_ms: 193.656129
  type: 'test'
  ...
# Subtest: public tap nudge cannot cross the next marked section
ok 220 - public tap nudge cannot cross the next marked section
  ---
  duration_ms: 189.538971
  type: 'test'
  ...
# Subtest: updater accepts same project SSH remote and reverse-proxy prefix with JSON/CSRF intact
ok 221 - updater accepts same project SSH remote and reverse-proxy prefix with JSON/CSRF intact
  ---
  duration_ms: 184.372399
  type: 'test'
  ...
# Subtest: updater independently verifies the resulting commit instead of trusting update response
ok 222 - updater independently verifies the resulting commit instead of trusting update response
  ---
  duration_ms: 181.110687
  type: 'test'
  ...
# Subtest: up-to-date branch makes no update POST and shows actual loaded build
ok 223 - up-to-date branch makes no update POST and shows actual loaded build
  ---
  duration_ms: 180.779452
  type: 'test'
  ...
# Subtest: wrong remote, ZIP, denied permissions and cross-origin path never pull code
ok 224 - wrong remote, ZIP, denied permissions and cross-origin path never pull code
  ---
  duration_ms: 224.804325
  type: 'test'
  ...
# Subtest: concurrent update clicks share a single update and release failed button
ok 225 - concurrent update clicks share a single update and release failed button
  ---
  duration_ms: 240.981311
  type: 'test'
  ...
# Subtest: song plan and storage retain song 81 and cumulative text beyond 1.2M
ok 226 - song plan and storage retain song 81 and cumulative text beyond 1.2M
  ---
  duration_ms: 298.923958
  type: 'test'
  ...
# Subtest: leaving during active export stops recorder, audio and tracks without redrawing another page
ok 227 - leaving during active export stops recorder, audio and tracks without redrawing another page
  ---
  duration_ms: 314.83889
  type: 'test'
  ...
# Subtest: export waits for local image blobs and cannot start after leaving during preload
ok 228 - export waits for local image blobs and cannot start after leaving during preload
  ---
  duration_ms: 270.36485
  type: 'test'
  ...
# Subtest: settings updater entry renders escaped complete running version independently of update status
ok 229 - settings updater entry renders escaped complete running version independently of update status
  ---
  duration_ms: 279.340871
  type: 'test'
  ...
# Subtest: normal paid frame saves once and survives metadata failure through confirmed local copy
ok 230 - normal paid frame saves once and survives metadata failure through confirmed local copy
  ---
  duration_ms: 529.838128
  type: 'test'
  ...
# Subtest: storyboard saves alongside newer audio duration/timing without reverting either
ok 231 - storyboard saves alongside newer audio duration/timing without reverting either
  ---
  duration_ms: 298.08811
  type: 'test'
  ...
# Subtest: MV backup includes old metadata-only records before the first local write
ok 232 - MV backup includes old metadata-only records before the first local write
  ---
  duration_ms: 279.765609
  type: 'test'
  ...
# Test file: mv-save-confirmation-regression.mjs
(node:298) ExperimentalWarning: VM Modules is an experimental feature and might change at any time
(Use `node --trace-warnings ...` to show where the warning was created)
# Subtest: paid result waits for a returned metadata promise when local storage cannot save
ok 233 - paid result waits for a returned metadata promise when local storage cannot save
  ---
  duration_ms: 189.172064
  type: 'test'
  ...
# Subtest: rejected metadata with no local copy retains the paid result and retries saving without regeneration
ok 234 - rejected metadata with no local copy retains the paid result and retries saving without regeneration
  ---
  duration_ms: 173.373235
  type: 'test'
  ...
[HeartbeatMemories] host metadata save adapter unavailable
# Subtest: confirmed local copy succeeds even if metadata rejects and survives a fresh runtime
ok 235 - confirmed local copy succeeds even if metadata rejects and survives a fresh runtime
  ---
  duration_ms: 316.751525
  type: 'test'
  ...
# Subtest: void-returning host debounce stays compatible when local storage quota is exhausted
ok 236 - void-returning host debounce stays compatible when local storage quota is exhausted
  ---
  duration_ms: 189.812756
  type: 'test'
  ...
# Subtest: missing, throwing or explicitly failed metadata storage keeps recovery in memory
ok 237 - missing, throwing or explicitly failed metadata storage keeps recovery in memory
  ---
  duration_ms: 726.556306
  type: 'test'
  ...
# Subtest: failed paid redraw remains exportable and save-only recovery keeps its new image
ok 238 - failed paid redraw remains exportable and save-only recovery keeps its new image
  ---
  duration_ms: 186.780219
  type: 'test'
  ...
# Subtest: a delayed rejected save retains only its original chat recovery
ok 239 - a delayed rejected save retains only its original chat recovery
  ---
  duration_ms: 205.297734
  type: 'test'
  ...
# Subtest: ordinary archive revision growth still allows unchanged-song storyboard saving
ok 240 - ordinary archive revision growth still allows unchanged-song storyboard saving
  ---
  duration_ms: 198.315245
  type: 'test'
  ...
# Subtest: all appearance/shot combinations preserve the current branch cast and scenery intent
ok 241 - all appearance/shot combinations preserve the current branch cast and scenery intent
  ---
  duration_ms: 177.349947
  type: 'test'
  ...
1..241
# tests 241
# suites 0
# pass 239
# fail 2
# cancelled 0
# skipped 0
# todo 0
