(node:108) ExperimentalWarning: VM Modules is an experimental feature and might change at any time
(Use `node --trace-warnings ...` to show where the warning was created)
TAP version 13
# Subtest: uniform 255 character matte is removed automatically, enclosed white clothing remains
ok 1 - uniform 255 character matte is removed automatically, enclosed white clothing remains
  ---
  duration_ms: 166.966484
  type: 'test'
  ...
# Subtest: uniform 235 character matte is removed automatically, enclosed white clothing remains
ok 2 - uniform 235 character matte is removed automatically, enclosed white clothing remains
  ---
  duration_ms: 234.011512
  type: 'test'
  ...
# Subtest: uniform 205 character matte is removed automatically, enclosed white clothing remains
ok 3 - uniform 205 character matte is removed automatically, enclosed white clothing remains
  ---
  duration_ms: 364.777767
  type: 'test'
  ...
# Subtest: genuine transparency needs no user-confirmed edit flag
ok 4 - genuine transparency needs no user-confirmed edit flag
  ---
  duration_ms: 239.933912
  type: 'test'
  ...
# Subtest: blank images, scenic rectangles, and stacked cells are not called clean cutouts
ok 5 - blank images, scenic rectangles, and stacked cells are not called clean cutouts
  ---
  duration_ms: 222.338665
  type: 'test'
  ...
# Subtest: new shared backgrounds use generated images, even if the model returns a local pattern
ok 6 - new shared backgrounds use generated images, even if the model returns a local pattern
  ---
  duration_ms: 148.289818
  type: 'test'
  ...
# Subtest: previous procedural art can be replaced with one image without regenerating the storyboard
ok 7 - previous procedural art can be replaced with one image without regenerating the storyboard
  ---
  duration_ms: 170.024521
  type: 'test'
  ...
# Subtest: unfinished image backgrounds are not counted as completed layered clips
ok 8 - unfinished image backgrounds are not counted as completed layered clips
  ---
  duration_ms: 149.44616
  type: 'test'
  ...
1..8
# tests 8
# suites 0
# pass 8
# fail 0
# cancelled 0
# skipped 0
# todo 0
# duration_ms 1772.298016
