(node:316) ExperimentalWarning: VM Modules is an experimental feature and might change at any time
(Use `node --trace-warnings ...` to show where the warning was created)
TAP version 13
# Subtest: completed old story opens directly into the responsive editor with no saved-data writes or generation
ok 1 - completed old story opens directly into the responsive editor with no saved-data writes or generation
  ---
  duration_ms: 182.657597
  type: 'test'
  ...
# Subtest: material groups stay folded and perform no character processing until explicitly inspected
ok 2 - material groups stay folded and perform no character processing until explicitly inspected
  ---
  duration_ms: 210.921951
  type: 'test'
  ...
# Subtest: filmstrip windows are navigation only and preserve all 40 saved/generated shots
ok 3 - filmstrip windows are navigation only and preserve all 40 saved/generated shots
  ---
  duration_ms: 140.33923
  type: 'test'
  ...
# Subtest: image editing and one-click cutout open the existing full-featured editor with original references
ok 4 - image editing and one-click cutout open the existing full-featured editor with original references
  ---
  duration_ms: 153.772872
  type: 'test'
  ...
# Subtest: a per-shot imported picture is not mislabeled as editing a different shared material
ok 5 - a per-shot imported picture is not mislabeled as editing a different shared material
  ---
  duration_ms: 149.777397
  type: 'test'
  ...
# Subtest: look tab retains title/outro timing, fonts, templates, range, stage lyrics and both overlay switches
ok 6 - look tab retains title/outro timing, fonts, templates, range, stage lyrics and both overlay switches
  ---
  duration_ms: 151.769757
  type: 'test'
  ...
# Subtest: timing shares one player, and selecting a section or line neither seeks nor writes
ok 7 - timing shares one player, and selecting a section or line neither seeks nor writes
  ---
  duration_ms: 158.859288
  type: 'test'
  ...
# Subtest: zero-second section and line marks work, automatic advance and exact undo share one history
ok 8 - zero-second section and line marks work, automatic advance and exact undo share one history
  ---
  duration_ms: 158.182996
  type: 'test'
  ...
# Subtest: line correction, tenths nudging and reset undo restore previous saved timing rather than deleting it
ok 9 - line correction, tenths nudging and reset undo restore previous saved timing rather than deleting it
  ---
  duration_ms: 182.424289
  type: 'test'
  ...
# Subtest: manual section correction respects the old global shift and stays selected with auto-next off
ok 10 - manual section correction respects the old global shift and stays selected with auto-next off
  ---
  duration_ms: 171.281352
  type: 'test'
  ...
# Subtest: the old timing route also permits selecting and marking a line without resetting to section mode
ok 11 - the old timing route also permits selecting and marking a line without resetting to section mode
  ---
  duration_ms: 170.844075
  type: 'test'
  ...
# Subtest: finished timing can reopen for correction, and null marks are never counted as zero
ok 12 - finished timing can reopen for correction, and null marks are never counted as zero
  ---
  duration_ms: 172.33926
  type: 'test'
  ...
# Subtest: more panel preserves material library, subtitle/time-table download and recovery backup
ok 13 - more panel preserves material library, subtitle/time-table download and recovery backup
  ---
  duration_ms: 171.132605
  type: 'test'
  ...
# Subtest: WebView capability fallback retains recording and local audio import without new platform APIs
ok 14 - WebView capability fallback retains recording and local audio import without new platform APIs
  ---
  duration_ms: 177.711503
  type: 'test'
  ...
(node:364) ExperimentalWarning: VM Modules is an experimental feature and might change at any time
(Use `node --trace-warnings ...` to show where the warning was created)
# Subtest: queued image completion is cancelled on close and cannot redraw an old song
ok 15 - queued image completion is cancelled on close and cannot redraw an old song
  ---
  duration_ms: 200.55019
  type: 'test'
  ...
# Subtest: light/dark colors, container/mobile fallbacks and native range keyboard input remain in editor CSS
ok 16 - light/dark colors, container/mobile fallbacks and native range keyboard input remain in editor CSS
  ---
  duration_ms: 172.186597
  type: 'test'
  ...
# Subtest: desktop keyboard switches tabs and closes a dialog without invoking the outer back action
ok 17 - desktop keyboard switches tabs and closes a dialog without invoking the outer back action
  ---
  duration_ms: 221.249538
  type: 'test'
  ...
# Subtest: native large-image cold open prepares only the visible frame and never encodes whole-image PNG previews
ok 18 - native large-image cold open prepares only the visible frame and never encodes whole-image PNG previews
  ---
  duration_ms: 2212.238061
  type: 'test'
  ...
1..18
# tests 18
# suites 0
# pass 18
# fail 0
# cancelled 0
# skipped 0
# todo 0
# duration_ms 5211.582791
