(node:428) ExperimentalWarning: VM Modules is an experimental feature and might change at any time
(Use `node --trace-warnings ...` to show where the warning was created)
TAP version 13
# Subtest: batch zero-based response accepts correct lyrics without replacing old images
ok 1 - batch zero-based response accepts correct lyrics without replacing old images
  ---
  duration_ms: 139.462114
  type: 'test'
  ...
# Subtest: batch one-based response accepts correct lyrics without replacing old images
ok 2 - batch one-based response accepts correct lyrics without replacing old images
  ---
  duration_ms: 162.574241
  type: 'test'
  ...
# Subtest: song one-based response accepts correct lyrics without replacing old images
ok 3 - song one-based response accepts correct lyrics without replacing old images
  ---
  duration_ms: 149.256145
  type: 'test'
  ...
# Subtest: song zero-based response accepts correct lyrics without replacing old images
ok 4 - song zero-based response accepts correct lyrics without replacing old images
  ---
  duration_ms: 129.796012
  type: 'test'
  ...
# Subtest: missing indexes and normalized whitespace/punctuation are recovered from the actual lyric
ok 5 - missing indexes and normalized whitespace/punctuation are recovered from the actual lyric
  ---
  duration_ms: 147.546536
  type: 'test'
  ...
# Subtest: already completed lyrics are never re-labelled as new sections just because their batch indexes fit
ok 6 - already completed lyrics are never re-labelled as new sections just because their batch indexes fit
  ---
  duration_ms: 147.307551
  type: 'test'
  ...
# Subtest: valid absolute-index partial responses with paraphrased lyrics remain accepted
ok 7 - valid absolute-index partial responses with paraphrased lyrics remain accepted
  ---
  duration_ms: 148.855619
  type: 'test'
  ...
# Subtest: flat legacy shots with relative indexes also recover by lyric without upgrading old data
ok 8 - flat legacy shots with relative indexes also recover by lyric without upgrading old data
  ---
  duration_ms: 156.451876
  type: 'test'
  ...
# Subtest: fresh runtime can repair an actual r84.209 blocked paid result with save-only retry
not ok 9 - fresh runtime can repair an actual r84.209 blocked paid result with save-only retry
  ---
  duration_ms: 1.072642
  type: 'test'
  location: '/workspace/scratch/c9f4993ef355/candidate-1.0.22/tokimemo-main/tools/verification/mv-index-regression.mjs:28:1'
  failureType: 'testCodeFailure'
  error: 'BASELINE_ROOT must identify delivered r84.209'
  code: 'ERR_ASSERTION'
  name: 'AssertionError'
  expected: true
  operator: '=='
  stack: |-
    TestContext.<anonymous> (file:///workspace/scratch/c9f4993ef355/candidate-1.0.22/tokimemo-main/tools/verification/mv-index-regression.mjs:29:85)
    Test.runInAsyncScope (node:async_hooks:227:14)
    Test.run (node:internal/test_runner/test:1382:25)
    Test.processPendingSubtests (node:internal/test_runner/test:960:18)
    Test.postRun (node:internal/test_runner/test:1522:19)
    Test.run (node:internal/test_runner/test:1447:12)
    async Test.processPendingSubtests (node:internal/test_runner/test:960:7)
  ...
# Subtest: instrumental batch without lyrics accepts an unambiguous batch-local numbering scheme
ok 10 - instrumental batch without lyrics accepts an unambiguous batch-local numbering scheme
  ---
  duration_ms: 147.243637
  type: 'test'
  ...
# Subtest: a short instrumental reply with ambiguous one-based numbering is retained instead of placed on an arbitrary section
ok 11 - a short instrumental reply with ambiguous one-based numbering is retained instead of placed on an arbitrary section
  ---
  duration_ms: 164.902767
  type: 'test'
  ...
# Subtest: new pending results retain their requested section range when the display range changes before save
ok 12 - new pending results retain their requested section range when the display range changes before save
  ---
  duration_ms: 152.581015
  type: 'test'
  ...
1..12
# tests 12
# suites 0
# pass 11
# fail 1
# cancelled 0
# skipped 0
# todo 0
# duration_ms 1731.557518
